Archive member included to satisfy reference by file (symbol)

C:/ST/STM32CubeIDE_1.14.0/STM32CubeIDE/plugins/com.st.stm32cube.ide.mcu.externaltools.gnu-tools-for-stm32.11.3.rel1.win32_1.1.100.202309141235/tools/bin/../lib/gcc/arm-none-eabi/11.3.1/../../../../arm-none-eabi/lib/thumb/v7-m/nofp\libc_nano.a(libc_a-exit.o)
                              C:/ST/STM32CubeIDE_1.14.0/STM32CubeIDE/plugins/com.st.stm32cube.ide.mcu.externaltools.gnu-tools-for-stm32.11.3.rel1.win32_1.1.100.202309141235/tools/bin/../lib/gcc/arm-none-eabi/11.3.1/../../../../arm-none-eabi/lib/thumb/v7-m/nofp/crt0.o (exit)
C:/ST/STM32CubeIDE_1.14.0/STM32CubeIDE/plugins/com.st.stm32cube.ide.mcu.externaltools.gnu-tools-for-stm32.11.3.rel1.win32_1.1.100.202309141235/tools/bin/../lib/gcc/arm-none-eabi/11.3.1/../../../../arm-none-eabi/lib/thumb/v7-m/nofp\libc_nano.a(libc_a-findfp.o)
                              C:/ST/STM32CubeIDE_1.14.0/STM32CubeIDE/plugins/com.st.stm32cube.ide.mcu.externaltools.gnu-tools-for-stm32.11.3.rel1.win32_1.1.100.202309141235/tools/bin/../lib/gcc/arm-none-eabi/11.3.1/../../../../arm-none-eabi/lib/thumb/v7-m/nofp\libc_nano.a(libc_a-exit.o) (__stdio_exit_handler)
C:/ST/STM32CubeIDE_1.14.0/STM32CubeIDE/plugins/com.st.stm32cube.ide.mcu.externaltools.gnu-tools-for-stm32.11.3.rel1.win32_1.1.100.202309141235/tools/bin/../lib/gcc/arm-none-eabi/11.3.1/../../../../arm-none-eabi/lib/thumb/v7-m/nofp\libc_nano.a(libc_a-fwalk.o)
                              C:/ST/STM32CubeIDE_1.14.0/STM32CubeIDE/plugins/com.st.stm32cube.ide.mcu.externaltools.gnu-tools-for-stm32.11.3.rel1.win32_1.1.100.202309141235/tools/bin/../lib/gcc/arm-none-eabi/11.3.1/../../../../arm-none-eabi/lib/thumb/v7-m/nofp\libc_nano.a(libc_a-findfp.o) (_fwalk_sglue)
C:/ST/STM32CubeIDE_1.14.0/STM32CubeIDE/plugins/com.st.stm32cube.ide.mcu.externaltools.gnu-tools-for-stm32.11.3.rel1.win32_1.1.100.202309141235/tools/bin/../lib/gcc/arm-none-eabi/11.3.1/../../../../arm-none-eabi/lib/thumb/v7-m/nofp\libc_nano.a(libc_a-stdio.o)
                              C:/ST/STM32CubeIDE_1.14.0/STM32CubeIDE/plugins/com.st.stm32cube.ide.mcu.externaltools.gnu-tools-for-stm32.11.3.rel1.win32_1.1.100.202309141235/tools/bin/../lib/gcc/arm-none-eabi/11.3.1/../../../../arm-none-eabi/lib/thumb/v7-m/nofp\libc_nano.a(libc_a-findfp.o) (__sread)
C:/ST/STM32CubeIDE_1.14.0/STM32CubeIDE/plugins/com.st.stm32cube.ide.mcu.externaltools.gnu-tools-for-stm32.11.3.rel1.win32_1.1.100.202309141235/tools/bin/../lib/gcc/arm-none-eabi/11.3.1/../../../../arm-none-eabi/lib/thumb/v7-m/nofp\libc_nano.a(libc_a-memset.o)
                              C:/ST/STM32CubeIDE_1.14.0/STM32CubeIDE/plugins/com.st.stm32cube.ide.mcu.externaltools.gnu-tools-for-stm32.11.3.rel1.win32_1.1.100.202309141235/tools/bin/../lib/gcc/arm-none-eabi/11.3.1/../../../../arm-none-eabi/lib/thumb/v7-m/nofp/crt0.o (memset)
C:/ST/STM32CubeIDE_1.14.0/STM32CubeIDE/plugins/com.st.stm32cube.ide.mcu.externaltools.gnu-tools-for-stm32.11.3.rel1.win32_1.1.100.202309141235/tools/bin/../lib/gcc/arm-none-eabi/11.3.1/../../../../arm-none-eabi/lib/thumb/v7-m/nofp\libc_nano.a(libc_a-closer.o)
                              C:/ST/STM32CubeIDE_1.14.0/STM32CubeIDE/plugins/com.st.stm32cube.ide.mcu.externaltools.gnu-tools-for-stm32.11.3.rel1.win32_1.1.100.202309141235/tools/bin/../lib/gcc/arm-none-eabi/11.3.1/../../../../arm-none-eabi/lib/thumb/v7-m/nofp\libc_nano.a(libc_a-stdio.o) (_close_r)
C:/ST/STM32CubeIDE_1.14.0/STM32CubeIDE/plugins/com.st.stm32cube.ide.mcu.externaltools.gnu-tools-for-stm32.11.3.rel1.win32_1.1.100.202309141235/tools/bin/../lib/gcc/arm-none-eabi/11.3.1/../../../../arm-none-eabi/lib/thumb/v7-m/nofp\libc_nano.a(libc_a-reent.o)
                              C:/ST/STM32CubeIDE_1.14.0/STM32CubeIDE/plugins/com.st.stm32cube.ide.mcu.externaltools.gnu-tools-for-stm32.11.3.rel1.win32_1.1.100.202309141235/tools/bin/../lib/gcc/arm-none-eabi/11.3.1/../../../../arm-none-eabi/lib/thumb/v7-m/nofp\libc_nano.a(libc_a-closer.o) (errno)
C:/ST/STM32CubeIDE_1.14.0/STM32CubeIDE/plugins/com.st.stm32cube.ide.mcu.externaltools.gnu-tools-for-stm32.11.3.rel1.win32_1.1.100.202309141235/tools/bin/../lib/gcc/arm-none-eabi/11.3.1/../../../../arm-none-eabi/lib/thumb/v7-m/nofp\libc_nano.a(libc_a-impure.o)
                              C:/ST/STM32CubeIDE_1.14.0/STM32CubeIDE/plugins/com.st.stm32cube.ide.mcu.externaltools.gnu-tools-for-stm32.11.3.rel1.win32_1.1.100.202309141235/tools/bin/../lib/gcc/arm-none-eabi/11.3.1/../../../../arm-none-eabi/lib/thumb/v7-m/nofp\libc_nano.a(libc_a-reent.o) (_impure_ptr)
C:/ST/STM32CubeIDE_1.14.0/STM32CubeIDE/plugins/com.st.stm32cube.ide.mcu.externaltools.gnu-tools-for-stm32.11.3.rel1.win32_1.1.100.202309141235/tools/bin/../lib/gcc/arm-none-eabi/11.3.1/../../../../arm-none-eabi/lib/thumb/v7-m/nofp\libc_nano.a(libc_a-lseekr.o)
[...]
Memory Configuration

Name             Origin             Length             Attributes
RAM              0x0000000020000000 0x0000000000005000 xrw
FLASH            0x0000000008000000 0x0000000000020000 xr
*default*        0x0000000000000000 0xffffffffffffffff

Linker script and memory map

LOAD C:/ST/STM32CubeIDE_1.14.0/STM32CubeIDE/plugins/com.st.stm32cube.ide.mcu.externaltools.gnu-tools-for-stm32.11.3.rel1.win32_1.1.100.202309141235/tools/bin/../lib/gcc/arm-none-eabi/11.3.1/thumb/v7-m/nofp/crti.o
LOAD C:/ST/STM32CubeIDE_1.14.0/STM32CubeIDE/plugins/com.st.stm32cube.ide.mcu.externaltools.gnu-tools-for-stm32.11.3.rel1.win32_1.1.100.202309141235/tools/bin/../lib/gcc/arm-none-eabi/11.3.1/thumb/v7-m/nofp/crtbegin.o
LOAD C:/ST/STM32CubeIDE_1.14.0/STM32CubeIDE/plugins/com.st.stm32cube.ide.mcu.externaltools.gnu-tools-for-stm32.11.3.rel1.win32_1.1.100.202309141235/tools/bin/../lib/gcc/arm-none-eabi/11.3.1/../../../../arm-none-eabi/lib/thumb/v7-m/nofp/crt0.o
LOAD ./App/Src/App.o
LOAD ./App/Src/Button.o
LOAD ./App/Src/Led.o
LOAD ./Core/Src/dma.o
LOAD ./Core/Src/gpio.o
LOAD ./Core/Src/main.o
LOAD ./Core/Src/spi.o
LOAD ./Core/Src/stm32f1xx_hal_msp.o
LOAD ./Core/Src/stm32f1xx_it.o
LOAD ./Core/Src/syscalls.o
LOAD ./Core/Src/sysmem.o
LOAD ./Core/Src/system_stm32f1xx.o
LOAD ./Core/Src/tim.o
LOAD ./Core/Startup/startup_stm32f103cbtx.o
LOAD ./Drivers/STM32F1xx_HAL_Driver/Src/stm32f1xx_hal.o
LOAD ./Drivers/STM32F1xx_HAL_Driver/Src/stm32f1xx_hal_cortex.o
LOAD ./Drivers/STM32F1xx_HAL_Driver/Src/stm32f1xx_hal_dma.o
LOAD ./Drivers/STM32F1xx_HAL_Driver/Src/stm32f1xx_hal_exti.o
LOAD ./Drivers/STM32F1xx_HAL_Driver/Src/stm32f1xx_hal_flash.o
LOAD ./Drivers/STM32F1xx_HAL_Driver/Src/stm32f1xx_hal_flash_ex.o
LOAD ./Drivers/STM32F1xx_HAL_Driver/Src/stm32f1xx_hal_gpio.o
LOAD ./Drivers/STM32F1xx_HAL_Driver/Src/stm32f1xx_hal_gpio_ex.o
LOAD ./Drivers/STM32F1xx_HAL_Driver/Src/stm32f1xx_hal_pcd.o
LOAD ./Drivers/STM32F1xx_HAL_Driver/Src/stm32f1xx_hal_pcd_ex.o
LOAD ./Drivers/STM32F1xx_HAL_Driver/Src/stm32f1xx_hal_pwr.o
LOAD ./Drivers/STM32F1xx_HAL_Driver/Src/stm32f1xx_hal_rcc.o
LOAD ./Drivers/STM32F1xx_HAL_Driver/Src/stm32f1xx_hal_rcc_ex.o
LOAD ./Drivers/STM32F1xx_HAL_Driver/Src/stm32f1xx_hal_spi.o
LOAD ./Drivers/STM32F1xx_HAL_Driver/Src/stm32f1xx_hal_tim.o
LOAD ./Drivers/STM32F1xx_HAL_Driver/Src/stm32f1xx_hal_tim_ex.o
LOAD ./Drivers/STM32F1xx_HAL_Driver/Src/stm32f1xx_ll_usb.o
LOAD ./Middlewares/ST/STM32_USB_Device_Library/Class/HID/Src/usbd_hid.o
LOAD ./Middlewares/ST/STM32_USB_Device_Library/Core/Src/usbd_core.o
LOAD ./Middlewares/ST/STM32_USB_Device_Library/Core/Src/usbd_ctlreq.o
LOAD ./Middlewares/ST/STM32_USB_Device_Library/Core/Src/usbd_ioreq.o
LOAD ./USB_DEVICE/App/usb_device.o
LOAD ./USB_DEVICE/App/usbd_desc.o
LOAD ./USB_DEVICE/Target/usbd_conf.o
START GROUP
LOAD C:/ST/STM32CubeIDE_1.14.0/STM32CubeIDE/plugins/com.st.stm32cube.ide.mcu.externaltools.gnu-tools-for-stm32.11.3.rel1.win32_1.1.100.202309141235/tools/bin/../lib/gcc/arm-none-eabi/11.3.1/../../../../arm-none-eabi/lib/thumb/v7-m/nofp\libc_nano.a
LOAD C:/ST/STM32CubeIDE_1.14.0/STM32CubeIDE/plugins/com.st.stm32cube.ide.mcu.externaltools.gnu-tools-for-stm32.11.3.rel1.win32_1.1.100.202309141235/tools/bin/../lib/gcc/arm-none-eabi/11.3.1/../../../../arm-none-eabi/lib/thumb/v7-m/nofp\libm.a
END GROUP
START GROUP
LOAD C:/ST/STM32CubeIDE_1.14.0/STM32CubeIDE/plugins/com.st.stm32cube.ide.mcu.externaltools.gnu-tools-for-stm32.11.3.rel1.win32_1.1.100.202309141235/tools/bin/../lib/gcc/arm-none-eabi/11.3.1/thumb/v7-m/nofp\libgcc.a
LOAD C:/ST/STM32CubeIDE_1.14.0/STM32CubeIDE/plugins/com.st.stm32cube.ide.mcu.externaltools.gnu-tools-for-stm32.11.3.rel1.win32_1.1.100.202309141235/tools/bin/../lib/gcc/arm-none-eabi/11.3.1/../../../../arm-none-eabi/lib/thumb/v7-m/nofp\libc_nano.a
END GROUP
START GROUP
LOAD C:/ST/STM32CubeIDE_1.14.0/STM32CubeIDE/plugins/com.st.stm32cube.ide.mcu.externaltools.gnu-tools-for-stm32.11.3.rel1.win32_1.1.100.202309141235/tools/bin/../lib/gcc/arm-none-eabi/11.3.1/thumb/v7-m/nofp\libgcc.a
LOAD C:/ST/STM32CubeIDE_1.14.0/STM32CubeIDE/plugins/com.st.stm32cube.ide.mcu.externaltools.gnu-tools-for-stm32.11.3.rel1.win32_1.1.100.202309141235/tools/bin/../lib/gcc/arm-none-eabi/11.3.1/../../../../arm-none-eabi/lib/thumb/v7-m/nofp\libc_nano.a
LOAD C:/ST/STM32CubeIDE_1.14.0/STM32CubeIDE/plugins/com.st.stm32cube.ide.mcu.externaltools.gnu-tools-for-stm32.11.3.rel1.win32_1.1.100.202309141235/tools/bin/../lib/gcc/arm-none-eabi/11.3.1/../../../../arm-none-eabi/lib/thumb/v7-m/nofp\libnosys.a
END GROUP
START GROUP
LOAD C:/ST/STM32CubeIDE_1.14.0/STM32CubeIDE/plugins/com.st.stm32cube.ide.mcu.externaltools.gnu-tools-for-stm32.11.3.rel1.win32_1.1.100.202309141235/tools/bin/../lib/gcc/arm-none-eabi/11.3.1/thumb/v7-m/nofp\libgcc.a
LOAD C:/ST/STM32CubeIDE_1.14.0/STM32CubeIDE/plugins/com.st.stm32cube.ide.mcu.externaltools.gnu-tools-for-stm32.11.3.rel1.win32_1.1.100.202309141235/tools/bin/../lib/gcc/arm-none-eabi/11.3.1/../../../../arm-none-eabi/lib/thumb/v7-m/nofp\libc_nano.a
LOAD C:/ST/STM32CubeIDE_1.14.0/STM32CubeIDE/plugins/com.st.stm32cube.ide.mcu.externaltools.gnu-tools-for-stm32.11.3.rel1.win32_1.1.100.202309141235/tools/bin/../lib/gcc/arm-none-eabi/11.3.1/../../../../arm-none-eabi/lib/thumb/v7-m/nofp\libnosys.a
END GROUP
LOAD C:/ST/STM32CubeIDE_1.14.0/STM32CubeIDE/plugins/com.st.stm32cube.ide.mcu.externaltools.gnu-tools-for-stm32.11.3.rel1.win32_1.1.100.202309141235/tools/bin/../lib/gcc/arm-none-eabi/11.3.1/thumb/v7-m/nofp/crtend.o
LOAD C:/ST/STM32CubeIDE_1.14.0/STM32CubeIDE/plugins/com.st.stm32cube.ide.mcu.externaltools.gnu-tools-for-stm32.11.3.rel1.win32_1.1.100.202309141235/tools/bin/../lib/gcc/arm-none-eabi/11.3.1/thumb/v7-m/nofp/crtn.o
                0x0000000020005000                _estack = (ORIGIN (RAM) + LENGTH (RAM))
                0x0000000000000200                _Min_Heap_Size = 0x200
                0x0000000000000400                _Min_Stack_Size = 0x400

.isr_vector     0x0000000008000000      0x10c
                0x0000000008000000                . = ALIGN (0x4)
 *(.isr_vector)
 .isr_vector    0x0000000008000000      0x10c ./Core/Startup/startup_stm32f103cbtx.o
                0x0000000008000000                g_pfnVectors
                0x000000000800010c                . = ALIGN (0x4)

.text           0x000000000800010c     0x8438
                0x000000000800010c                . = ALIGN (0x4)
 *(.text)
 .text          0x000000000800010c       0x40 C:/ST/STM32CubeIDE_1.14.0/STM32CubeIDE/plugins/com.st.stm32cube.ide.mcu.externaltools.gnu-tools-for-stm32.11.3.rel1.win32_1.1.100.202309141235/tools/bin/../lib/gcc/arm-none-eabi/11.3.1/thumb/v7-m/nofp/crtbegin.o
 *(.text*)
 .text.App_Init
                0x000000000800014c       0x12 ./App/Src/App.o
                0x000000000800014c                App_Init
 *fill*         0x000000000800015e        0x2 
 .text.Button1Pressed
                0x0000000008000160       0x30 ./App/Src/Button.o
                0x0000000008000160                Button1Pressed
 .text.Button1Released
                0x0000000008000190       0x30 ./App/Src/Button.o
                0x0000000008000190                Button1Released
 .text.Button2Pressed
                0x00000000080001c0       0x30 ./App/Src/Button.o
                0x00000000080001c0                Button2Pressed
 .text.Button2Released
                0x00000000080001f0       0x30 ./App/Src/Button.o
                0x00000000080001f0                Button2Released
 .text.Button3Pressed
                0x0000000008000220       0x30 ./App/Src/Button.o
                0x0000000008000220                Button3Pressed
 .text.Button3Released
                0x0000000008000250       0x30 ./App/Src/Button.o
                0x0000000008000250                Button3Released
 .text.Button4Pressed
                0x0000000008000280       0x30 ./App/Src/Button.o
                0x0000000008000280                Button4Pressed
 .text.Button4Released
                0x00000000080002b0       0x30 ./App/Src/Button.o
                0x00000000080002b0                Button4Released
 .text.Button5Pressed
                0x00000000080002e0       0x30 ./App/Src/Button.o
                0x00000000080002e0                Button5Pressed
 .text.Button5Released
                0x0000000008000310       0x30 ./App/Src/Button.o
                0x0000000008000310                Button5Released
 .text.Buttons_Check
                0x0000000008000340      0x148 ./App/Src/Button.o
                0x0000000008000340                Buttons_Check
 .text.create_px_stream
                0x0000000008000488       0xe2 ./App/Src/Led.o
                0x0000000008000488                create_px_stream
 .text.create_preambule_stream
                0x000000000800056a       0x30 ./App/Src/Led.o
                0x000000000800056a                create_preambule_stream
 .text.create_matrix_stream
                0x000000000800059a       0x5a ./App/Src/Led.o
                0x000000000800059a                create_matrix_stream
 .text.send_data_to_stoplight
                0x00000000080005f4       0x28 ./App/Src/Led.o
                0x00000000080005f4                send_data_to_stoplight
 .text.display_init
                0x000000000800061c       0x5c ./App/Src/Led.o
                0x000000000800061c                display_init
 .text.LED_Update
                0x0000000008000678        0xc ./App/Src/Led.o
                0x0000000008000678                LED_Update
 .text.MX_DMA_Init
                0x0000000008000684       0x3c ./Core/Src/dma.o
                0x0000000008000684                MX_DMA_Init
 .text.MX_GPIO_Init
                0x00000000080006c0       0xd0 ./Core/Src/gpio.o
                0x00000000080006c0                MX_GPIO_Init
 .text.main     0x0000000008000790       0x26 ./Core/Src/main.o
                0x0000000008000790                main
 .text.SystemClock_Config
                0x00000000080007b6       0xb6 ./Core/Src/main.o
                0x00000000080007b6                SystemClock_Config
 .text.Error_Handler
                0x000000000800086c        0xa ./Core/Src/main.o
                0x000000000800086c                Error_Handler
 *fill*         0x0000000008000876        0x2 
 .text.MX_SPI1_Init
                0x0000000008000878       0x6c ./Core/Src/spi.o
                0x0000000008000878                MX_SPI1_Init
 .text.HAL_SPI_MspInit
                0x00000000080008e4       0xd4 ./Core/Src/spi.o
                0x00000000080008e4                HAL_SPI_MspInit
 .text.HAL_MspInit
                0x00000000080009b8       0x64 ./Core/Src/stm32f1xx_hal_msp.o
                0x00000000080009b8                HAL_MspInit
 .text.NMI_Handler
                0x0000000008000a1c        0x6 ./Core/Src/stm32f1xx_it.o
                0x0000000008000a1c                NMI_Handler
 .text.HardFault_Handler
                0x0000000008000a22        0x6 ./Core/Src/stm32f1xx_it.o
                0x0000000008000a22                HardFault_Handler
 .text.MemManage_Handler
                0x0000000008000a28        0x6 ./Core/Src/stm32f1xx_it.o
                0x0000000008000a28                MemManage_Handler
 .text.BusFault_Handler
                0x0000000008000a2e        0x6 ./Core/Src/stm32f1xx_it.o
                0x0000000008000a2e                BusFault_Handler
 .text.UsageFault_Handler
                0x0000000008000a34        0x6 ./Core/Src/stm32f1xx_it.o
                0x0000000008000a34                UsageFault_Handler
 .text.SVC_Handler
                0x0000000008000a3a        0xc ./Core/Src/stm32f1xx_it.o
                0x0000000008000a3a                SVC_Handler
 .text.DebugMon_Handler
                0x0000000008000a46        0xc ./Core/Src/stm32f1xx_it.o
                0x0000000008000a46                DebugMon_Handler
 .text.PendSV_Handler
                0x0000000008000a52        0xc ./Core/Src/stm32f1xx_it.o
                0x0000000008000a52                PendSV_Handler
 .text.SysTick_Handler
                0x0000000008000a5e        0xc ./Core/Src/stm32f1xx_it.o
                0x0000000008000a5e                SysTick_Handler
 *fill*         0x0000000008000a6a        0x2 
 .text.DMA1_Channel3_IRQHandler
                0x0000000008000a6c       0x14 ./Core/Src/stm32f1xx_it.o
                0x0000000008000a6c                DMA1_Channel3_IRQHandler
 .text.USB_LP_CAN1_RX0_IRQHandler
                0x0000000008000a80       0x14 ./Core/Src/stm32f1xx_it.o
                0x0000000008000a80                USB_LP_CAN1_RX0_IRQHandler
 .text.SystemInit
                0x0000000008000a94        0xc ./Core/Src/system_stm32f1xx.o
                0x0000000008000a94                SystemInit
 .text.MX_TIM2_Init
                0x0000000008000aa0       0xa8 ./Core/Src/tim.o
                0x0000000008000aa0                MX_TIM2_Init
 .text.HAL_TIM_Encoder_MspInit
                0x0000000008000b48       0x78 ./Core/Src/tim.o
                0x0000000008000b48                HAL_TIM_Encoder_MspInit
 .text.Reset_Handler
                0x0000000008000bc0       0x48 ./Core/Startup/startup_stm32f103cbtx.o
                0x0000000008000bc0                Reset_Handler
 .text.Default_Handler
                0x0000000008000c08        0x2 ./Core/Startup/startup_stm32f103cbtx.o
                0x0000000008000c08                RTC_Alarm_IRQHandler
                0x0000000008000c08                EXTI2_IRQHandler
                0x0000000008000c08                TIM1_CC_IRQHandler
                0x0000000008000c08                PVD_IRQHandler
                0x0000000008000c08                EXTI3_IRQHandler
                0x0000000008000c08                EXTI0_IRQHandler
                0x0000000008000c08                I2C2_EV_IRQHandler
                0x0000000008000c08                ADC1_2_IRQHandler
                0x0000000008000c08                SPI1_IRQHandler
                0x0000000008000c08                TAMPER_IRQHandler
                0x0000000008000c08                DMA1_Channel4_IRQHandler
                0x0000000008000c08                USART3_IRQHandler
                0x0000000008000c08                RTC_IRQHandler
                0x0000000008000c08                DMA1_Channel7_IRQHandler
                0x0000000008000c08                CAN1_RX1_IRQHandler
                0x0000000008000c08                TIM4_IRQHandler
                0x0000000008000c08                I2C1_EV_IRQHandler
                0x0000000008000c08                DMA1_Channel6_IRQHandler
                0x0000000008000c08                TIM3_IRQHandler
                0x0000000008000c08                RCC_IRQHandler
                0x0000000008000c08                TIM1_TRG_COM_IRQHandler
                0x0000000008000c08                DMA1_Channel1_IRQHandler
                0x0000000008000c08                Default_Handler
                0x0000000008000c08                EXTI15_10_IRQHandler
                0x0000000008000c08                EXTI9_5_IRQHandler
                0x0000000008000c08                SPI2_IRQHandler
                0x0000000008000c08                DMA1_Channel5_IRQHandler
                0x0000000008000c08                EXTI4_IRQHandler
                0x0000000008000c08                USB_HP_CAN1_TX_IRQHandler
                0x0000000008000c08                TIM1_UP_IRQHandler
                0x0000000008000c08                WWDG_IRQHandler
                0x0000000008000c08                TIM2_IRQHandler
                0x0000000008000c08                TIM1_BRK_IRQHandler
                0x0000000008000c08                EXTI1_IRQHandler
                0x0000000008000c08                USART2_IRQHandler
                0x0000000008000c08                I2C2_ER_IRQHandler
                0x0000000008000c08                DMA1_Channel2_IRQHandler
                0x0000000008000c08                CAN1_SCE_IRQHandler
                0x0000000008000c08                FLASH_IRQHandler
                0x0000000008000c08                USART1_IRQHandler
                0x0000000008000c08                I2C1_ER_IRQHandler
                0x0000000008000c08                USBWakeUp_IRQHandler
 *fill*         0x0000000008000c0a        0x2 
 .text.HAL_Init
                0x0000000008000c0c       0x2c ./Drivers/STM32F1xx_HAL_Driver/Src/stm32f1xx_hal.o
                0x0000000008000c0c                HAL_Init
 .text.HAL_InitTick
                0x0000000008000c38       0x60 ./Drivers/STM32F1xx_HAL_Driver/Src/stm32f1xx_hal.o
                0x0000000008000c38                HAL_InitTick
 .text.HAL_IncTick
                0x0000000008000c98       0x24 ./Drivers/STM32F1xx_HAL_Driver/Src/stm32f1xx_hal.o
                0x0000000008000c98                HAL_IncTick
 .text.HAL_GetTick
                0x0000000008000cbc       0x14 ./Drivers/STM32F1xx_HAL_Driver/Src/stm32f1xx_hal.o
                0x0000000008000cbc                HAL_GetTick
 .text.__NVIC_SetPriorityGrouping
                0x0000000008000cd0       0x48 ./Drivers/STM32F1xx_HAL_Driver/Src/stm32f1xx_hal_cortex.o
 .text.__NVIC_GetPriorityGrouping
                0x0000000008000d18       0x1c ./Drivers/STM32F1xx_HAL_Driver/Src/stm32f1xx_hal_cortex.o
 .text.__NVIC_EnableIRQ
                0x0000000008000d34       0x38 ./Drivers/STM32F1xx_HAL_Driver/Src/stm32f1xx_hal_cortex.o
 .text.__NVIC_SetPriority
                0x0000000008000d6c       0x54 ./Drivers/STM32F1xx_HAL_Driver/Src/stm32f1xx_hal_cortex.o
 .text.NVIC_EncodePriority
                0x0000000008000dc0       0x64 ./Drivers/STM32F1xx_HAL_Driver/Src/stm32f1xx_hal_cortex.o
 .text.SysTick_Config
                0x0000000008000e24       0x44 ./Drivers/STM32F1xx_HAL_Driver/Src/stm32f1xx_hal_cortex.o
 .text.HAL_NVIC_SetPriorityGrouping
                0x0000000008000e68       0x16 ./Drivers/STM32F1xx_HAL_Driver/Src/stm32f1xx_hal_cortex.o
                0x0000000008000e68                HAL_NVIC_SetPriorityGrouping
 .text.HAL_NVIC_SetPriority
                0x0000000008000e7e       0x38 ./Drivers/STM32F1xx_HAL_Driver/Src/stm32f1xx_hal_cortex.o
                0x0000000008000e7e                HAL_NVIC_SetPriority
 .text.HAL_NVIC_EnableIRQ
                0x0000000008000eb6       0x1c ./Drivers/STM32F1xx_HAL_Driver/Src/stm32f1xx_hal_cortex.o
                0x0000000008000eb6                HAL_NVIC_EnableIRQ
 .text.HAL_SYSTICK_Config
                0x0000000008000ed2       0x18 ./Drivers/STM32F1xx_HAL_Driver/Src/stm32f1xx_hal_cortex.o
                0x0000000008000ed2                HAL_SYSTICK_Config
 *fill*         0x0000000008000eea        0x2 
 .text.HAL_DMA_Init
                0x0000000008000eec       0xb4 ./Drivers/STM32F1xx_HAL_Driver/Src/stm32f1xx_hal_dma.o
                0x0000000008000eec                HAL_DMA_Init
 .text.HAL_DMA_Start_IT
                0x0000000008000fa0       0xc0 ./Drivers/STM32F1xx_HAL_Driver/Src/stm32f1xx_hal_dma.o
                0x0000000008000fa0                HAL_DMA_Start_IT
 .text.HAL_DMA_IRQHandler
                0x0000000008001060      0x20c ./Drivers/STM32F1xx_HAL_Driver/Src/stm32f1xx_hal_dma.o
                0x0000000008001060                HAL_DMA_IRQHandler
 .text.DMA_SetConfig
                0x000000000800126c       0x5a ./Drivers/STM32F1xx_HAL_Driver/Src/stm32f1xx_hal_dma.o
 *fill*         0x00000000080012c6        0x2 
 .text.HAL_GPIO_Init
                0x00000000080012c8      0x308 ./Drivers/STM32F1xx_HAL_Driver/Src/stm32f1xx_hal_gpio.o
                0x00000000080012c8                HAL_GPIO_Init
 .text.HAL_GPIO_ReadPin
                0x00000000080015d0       0x2e ./Drivers/STM32F1xx_HAL_Driver/Src/stm32f1xx_hal_gpio.o
                0x00000000080015d0                HAL_GPIO_ReadPin
 .text.HAL_GPIO_WritePin
                0x00000000080015fe       0x30 ./Drivers/STM32F1xx_HAL_Driver/Src/stm32f1xx_hal_gpio.o
                0x00000000080015fe                HAL_GPIO_WritePin
 .text.HAL_PCD_Init
                0x000000000800162e      0x1fe ./Drivers/STM32F1xx_HAL_Driver/Src/stm32f1xx_hal_pcd.o
                0x000000000800162e                HAL_PCD_Init
 .text.HAL_PCD_Start
                0x000000000800182c       0x4c ./Drivers/STM32F1xx_HAL_Driver/Src/stm32f1xx_hal_pcd.o
                0x000000000800182c                HAL_PCD_Start
 .text.HAL_PCD_IRQHandler
                0x0000000008001878      0x260 ./Drivers/STM32F1xx_HAL_Driver/Src/stm32f1xx_hal_pcd.o
                0x0000000008001878                HAL_PCD_IRQHandler
 .text.HAL_PCD_SetAddress
                0x0000000008001ad8       0x4a ./Drivers/STM32F1xx_HAL_Driver/Src/stm32f1xx_hal_pcd.o
                0x0000000008001ad8                HAL_PCD_SetAddress
 .text.HAL_PCD_EP_Open
                0x0000000008001b22       0xba ./Drivers/STM32F1xx_HAL_Driver/Src/stm32f1xx_hal_pcd.o
                0x0000000008001b22                HAL_PCD_EP_Open
 .text.HAL_PCD_EP_Close
                0x0000000008001bdc       0x90 ./Drivers/STM32F1xx_HAL_Driver/Src/stm32f1xx_hal_pcd.o
                0x0000000008001bdc                HAL_PCD_EP_Close
 .text.HAL_PCD_EP_Receive
                0x0000000008001c6c       0x62 ./Drivers/STM32F1xx_HAL_Driver/Src/stm32f1xx_hal_pcd.o
                0x0000000008001c6c                HAL_PCD_EP_Receive
 .text.HAL_PCD_EP_Transmit
                0x0000000008001cce       0x6e ./Drivers/STM32F1xx_HAL_Driver/Src/stm32f1xx_hal_pcd.o
                0x0000000008001cce                HAL_PCD_EP_Transmit
 .text.HAL_PCD_EP_SetStall
                0x0000000008001d3c       0xc0 ./Drivers/STM32F1xx_HAL_Driver/Src/stm32f1xx_hal_pcd.o
                0x0000000008001d3c                HAL_PCD_EP_SetStall
 .text.HAL_PCD_EP_ClrStall
                0x0000000008001dfc       0xa8 ./Drivers/STM32F1xx_HAL_Driver/Src/stm32f1xx_hal_pcd.o
                0x0000000008001dfc                HAL_PCD_EP_ClrStall
 .text.PCD_EP_ISR_Handler
                0x0000000008001ea4      0x7a6 ./Drivers/STM32F1xx_HAL_Driver/Src/stm32f1xx_hal_pcd.o
 .text.HAL_PCD_EP_DB_Receive
                0x000000000800264a      0x21a ./Drivers/STM32F1xx_HAL_Driver/Src/stm32f1xx_hal_pcd.o
 .text.HAL_PCD_EP_DB_Transmit
                0x0000000008002864      0x7f4 ./Drivers/STM32F1xx_HAL_Driver/Src/stm32f1xx_hal_pcd.o
 .text.HAL_PCDEx_PMAConfig
                0x0000000008003058       0x84 ./Drivers/STM32F1xx_HAL_Driver/Src/stm32f1xx_hal_pcd_ex.o
                0x0000000008003058                HAL_PCDEx_PMAConfig
 .text.HAL_RCC_OscConfig
                0x00000000080030dc      0x504 ./Drivers/STM32F1xx_HAL_Driver/Src/stm32f1xx_hal_rcc.o
                0x00000000080030dc                HAL_RCC_OscConfig
 .text.HAL_RCC_ClockConfig
                0x00000000080035e0      0x1d4 ./Drivers/STM32F1xx_HAL_Driver/Src/stm32f1xx_hal_rcc.o
                0x00000000080035e0                HAL_RCC_ClockConfig
 .text.HAL_RCC_GetSysClockFreq
                0x00000000080037b4       0xac ./Drivers/STM32F1xx_HAL_Driver/Src/stm32f1xx_hal_rcc.o
                0x00000000080037b4                HAL_RCC_GetSysClockFreq
 .text.RCC_Delay
                0x0000000008003860       0x3c ./Drivers/STM32F1xx_HAL_Driver/Src/stm32f1xx_hal_rcc.o
 .text.HAL_RCCEx_PeriphCLKConfig
                0x000000000800389c      0x16c ./Drivers/STM32F1xx_HAL_Driver/Src/stm32f1xx_hal_rcc_ex.o
                0x000000000800389c                HAL_RCCEx_PeriphCLKConfig
 .text.HAL_SPI_Init
                0x0000000008003a08      0x108 ./Drivers/STM32F1xx_HAL_Driver/Src/stm32f1xx_hal_spi.o
                0x0000000008003a08                HAL_SPI_Init
 .text.HAL_SPI_Transmit_DMA
                0x0000000008003b10      0x164 ./Drivers/STM32F1xx_HAL_Driver/Src/stm32f1xx_hal_spi.o
                0x0000000008003b10                HAL_SPI_Transmit_DMA
 .text.HAL_SPI_TxCpltCallback
                0x0000000008003c74       0x12 ./Drivers/STM32F1xx_HAL_Driver/Src/stm32f1xx_hal_spi.o
                0x0000000008003c74                HAL_SPI_TxCpltCallback
 .text.HAL_SPI_TxHalfCpltCallback
                0x0000000008003c86       0x12 ./Drivers/STM32F1xx_HAL_Driver/Src/stm32f1xx_hal_spi.o
                0x0000000008003c86                HAL_SPI_TxHalfCpltCallback
 .text.HAL_SPI_ErrorCallback
                0x0000000008003c98       0x12 ./Drivers/STM32F1xx_HAL_Driver/Src/stm32f1xx_hal_spi.o
                0x0000000008003c98                HAL_SPI_ErrorCallback
 .text.SPI_DMATransmitCplt
                0x0000000008003caa       0xa6 ./Drivers/STM32F1xx_HAL_Driver/Src/stm32f1xx_hal_spi.o
 .text.SPI_DMAHalfTransmitCplt
                0x0000000008003d50       0x1c ./Drivers/STM32F1xx_HAL_Driver/Src/stm32f1xx_hal_spi.o
 .text.SPI_DMAError
                0x0000000008003d6c       0x40 ./Drivers/STM32F1xx_HAL_Driver/Src/stm32f1xx_hal_spi.o
 .text.SPI_WaitFlagStateUntilTimeout
                0x0000000008003dac      0x110 ./Drivers/STM32F1xx_HAL_Driver/Src/stm32f1xx_hal_spi.o
 .text.SPI_EndRxTxTransaction
                0x0000000008003ebc       0x3c ./Drivers/STM32F1xx_HAL_Driver/Src/stm32f1xx_hal_spi.o
 .text.HAL_TIM_Encoder_Init
                0x0000000008003ef8      0x144 ./Drivers/STM32F1xx_HAL_Driver/Src/stm32f1xx_hal_tim.o
                0x0000000008003ef8                HAL_TIM_Encoder_Init
 .text.TIM_Base_SetConfig
                0x000000000800403c       0xc4 ./Drivers/STM32F1xx_HAL_Driver/Src/stm32f1xx_hal_tim.o
                0x000000000800403c                TIM_Base_SetConfig
 .text.HAL_TIMEx_MasterConfigSynchronization
                0x0000000008004100       0xbc ./Drivers/STM32F1xx_HAL_Driver/Src/stm32f1xx_hal_tim_ex.o
                0x0000000008004100                HAL_TIMEx_MasterConfigSynchronization
 .text.USB_CoreInit
                0x00000000080041bc       0x20 ./Drivers/STM32F1xx_HAL_Driver/Src/stm32f1xx_ll_usb.o
                0x00000000080041bc                USB_CoreInit
 .text.USB_EnableGlobalInt
                0x00000000080041dc       0x2c ./Drivers/STM32F1xx_HAL_Driver/Src/stm32f1xx_ll_usb.o
                0x00000000080041dc                USB_EnableGlobalInt
 .text.USB_DisableGlobalInt
                0x0000000008004208       0x34 ./Drivers/STM32F1xx_HAL_Driver/Src/stm32f1xx_ll_usb.o
                0x0000000008004208                USB_DisableGlobalInt
 .text.USB_SetCurrentMode
                0x000000000800423c       0x18 ./Drivers/STM32F1xx_HAL_Driver/Src/stm32f1xx_ll_usb.o
                0x000000000800423c                USB_SetCurrentMode
 .text.USB_DevInit
                0x0000000008004254       0x40 ./Drivers/STM32F1xx_HAL_Driver/Src/stm32f1xx_ll_usb.o
                0x0000000008004254                USB_DevInit
 .text.USB_ActivateEndpoint
                0x0000000008004294      0x780 ./Drivers/STM32F1xx_HAL_Driver/Src/stm32f1xx_ll_usb.o
                0x0000000008004294                USB_ActivateEndpoint
 .text.USB_DeactivateEndpoint
                0x0000000008004a14      0x3d8 ./Drivers/STM32F1xx_HAL_Driver/Src/stm32f1xx_ll_usb.o
                0x0000000008004a14                USB_DeactivateEndpoint
 .text.USB_EPStartXfer
                0x0000000008004dec     0x1762 ./Drivers/STM32F1xx_HAL_Driver/Src/stm32f1xx_ll_usb.o
                0x0000000008004dec                USB_EPStartXfer
 .text.USB_EPSetStall
                0x000000000800654e       0xa0 ./Drivers/STM32F1xx_HAL_Driver/Src/stm32f1xx_ll_usb.o
                0x000000000800654e                USB_EPSetStall
 .text.USB_EPClearStall
                0x00000000080065ee      0x15a ./Drivers/STM32F1xx_HAL_Driver/Src/stm32f1xx_ll_usb.o
                0x00000000080065ee                USB_EPClearStall
 .text.USB_SetDevAddress
                0x0000000008006748       0x26 ./Drivers/STM32F1xx_HAL_Driver/Src/stm32f1xx_ll_usb.o
                0x0000000008006748                USB_SetDevAddress
 .text.USB_DevConnect
                0x000000000800676e       0x14 ./Drivers/STM32F1xx_HAL_Driver/Src/stm32f1xx_ll_usb.o
                0x000000000800676e                USB_DevConnect
 .text.USB_DevDisconnect
                0x0000000008006782       0x14 ./Drivers/STM32F1xx_HAL_Driver/Src/stm32f1xx_ll_usb.o
                0x0000000008006782                USB_DevDisconnect
 .text.USB_ReadInterrupts
                0x0000000008006796       0x1e ./Drivers/STM32F1xx_HAL_Driver/Src/stm32f1xx_ll_usb.o
                0x0000000008006796                USB_ReadInterrupts
 .text.USB_EP0_OutStart
                0x00000000080067b4       0x16 ./Drivers/STM32F1xx_HAL_Driver/Src/stm32f1xx_ll_usb.o
                0x00000000080067b4                USB_EP0_OutStart
 .text.USB_WritePMA
                0x00000000080067ca       0x8a ./Drivers/STM32F1xx_HAL_Driver/Src/stm32f1xx_ll_usb.o
                0x00000000080067ca                USB_WritePMA
 .text.USB_ReadPMA
                0x0000000008006854       0x9e ./Drivers/STM32F1xx_HAL_Driver/Src/stm32f1xx_ll_usb.o
                0x0000000008006854                USB_ReadPMA
 .text.USBD_HID_Init
                0x00000000080068f2       0x4e ./Middlewares/ST/STM32_USB_Device_Library/Class/HID/Src/usbd_hid.o
 .text.USBD_HID_DeInit
                0x0000000008006940       0x42 ./Middlewares/ST/STM32_USB_Device_Library/Class/HID/Src/usbd_hid.o
 *fill*         0x0000000008006982        0x2 
 .text.USBD_HID_Setup
                0x0000000008006984      0x1fc ./Middlewares/ST/STM32_USB_Device_Library/Class/HID/Src/usbd_hid.o
 .text.USBD_HID_SendReport
                0x0000000008006b80       0x44 ./Middlewares/ST/STM32_USB_Device_Library/Class/HID/Src/usbd_hid.o
                0x0000000008006b80                USBD_HID_SendReport
 .text.USBD_HID_GetFSCfgDesc
                0x0000000008006bc4       0x20 ./Middlewares/ST/STM32_USB_Device_Library/Class/HID/Src/usbd_hid.o
 .text.USBD_HID_GetHSCfgDesc
                0x0000000008006be4       0x20 ./Middlewares/ST/STM32_USB_Device_Library/Class/HID/Src/usbd_hid.o
 .text.USBD_HID_GetOtherSpeedCfgDesc
                0x0000000008006c04       0x20 ./Middlewares/ST/STM32_USB_Device_Library/Class/HID/Src/usbd_hid.o
 .text.USBD_HID_DataIn
                0x0000000008006c24       0x22 ./Middlewares/ST/STM32_USB_Device_Library/Class/HID/Src/usbd_hid.o
 *fill*         0x0000000008006c46        0x2 
 .text.USBD_HID_GetDeviceQualifierDesc
                0x0000000008006c48       0x20 ./Middlewares/ST/STM32_USB_Device_Library/Class/HID/Src/usbd_hid.o
 .text.USBD_Init
                0x0000000008006c68       0x56 ./Middlewares/ST/STM32_USB_Device_Library/Core/Src/usbd_core.o
                0x0000000008006c68                USBD_Init
 .text.USBD_RegisterClass
                0x0000000008006cbe       0x32 ./Middlewares/ST/STM32_USB_Device_Library/Core/Src/usbd_core.o
                0x0000000008006cbe                USBD_RegisterClass
 .text.USBD_Start
                0x0000000008006cf0       0x18 ./Middlewares/ST/STM32_USB_Device_Library/Core/Src/usbd_core.o
                0x0000000008006cf0                USBD_Start
 .text.USBD_RunTestMode
                0x0000000008006d08       0x14 ./Middlewares/ST/STM32_USB_Device_Library/Core/Src/usbd_core.o
                0x0000000008006d08                USBD_RunTestMode
 .text.USBD_SetClassConfig
                0x0000000008006d1c       0x3e ./Middlewares/ST/STM32_USB_Device_Library/Core/Src/usbd_core.o
                0x0000000008006d1c                USBD_SetClassConfig
 .text.USBD_ClrClassConfig
                0x0000000008006d5a       0x26 ./Middlewares/ST/STM32_USB_Device_Library/Core/Src/usbd_core.o
                0x0000000008006d5a                USBD_ClrClassConfig
 .text.USBD_LL_SetupStage
                0x0000000008006d80       0x9a ./Middlewares/ST/STM32_USB_Device_Library/Core/Src/usbd_core.o
                0x0000000008006d80                USBD_LL_SetupStage
 .text.USBD_LL_DataOutStage
                0x0000000008006e1a       0xe2 ./Middlewares/ST/STM32_USB_Device_Library/Core/Src/usbd_core.o
                0x0000000008006e1a                USBD_LL_DataOutStage
 .text.USBD_LL_DataInStage
                0x0000000008006efc      0x14a ./Middlewares/ST/STM32_USB_Device_Library/Core/Src/usbd_core.o
                0x0000000008006efc                USBD_LL_DataInStage
 .text.USBD_LL_Reset
                0x0000000008007046       0x82 ./Middlewares/ST/STM32_USB_Device_Library/Core/Src/usbd_core.o
                0x0000000008007046                USBD_LL_Reset
 .text.USBD_LL_SetSpeed
                0x00000000080070c8       0x1e ./Middlewares/ST/STM32_USB_Device_Library/Core/Src/usbd_core.o
                0x00000000080070c8                USBD_LL_SetSpeed
 .text.USBD_LL_Suspend
                0x00000000080070e6       0x28 ./Middlewares/ST/STM32_USB_Device_Library/Core/Src/usbd_core.o
                0x00000000080070e6                USBD_LL_Suspend
 .text.USBD_LL_Resume
                0x000000000800710e       0x2a ./Middlewares/ST/STM32_USB_Device_Library/Core/Src/usbd_core.o
                0x000000000800710e                USBD_LL_Resume
 .text.USBD_LL_SOF
                0x0000000008007138       0x34 ./Middlewares/ST/STM32_USB_Device_Library/Core/Src/usbd_core.o
                0x0000000008007138                USBD_LL_SOF
 .text.USBD_StdDevReq
                0x000000000800716c       0xd4 ./Middlewares/ST/STM32_USB_Device_Library/Core/Src/usbd_ctlreq.o
                0x000000000800716c                USBD_StdDevReq
 .text.USBD_StdItfReq
                0x0000000008007240       0x90 ./Middlewares/ST/STM32_USB_Device_Library/Core/Src/usbd_ctlreq.o
                0x0000000008007240                USBD_StdItfReq
 .text.USBD_StdEPReq
                0x00000000080072d0      0x2c6 ./Middlewares/ST/STM32_USB_Device_Library/Core/Src/usbd_ctlreq.o
                0x00000000080072d0                USBD_StdEPReq
 *fill*         0x0000000008007596        0x2 
 .text.USBD_GetDescriptor
                0x0000000008007598      0x2d0 ./Middlewares/ST/STM32_USB_Device_Library/Core/Src/usbd_ctlreq.o
 .text.USBD_SetAddress
                0x0000000008007868       0x86 ./Middlewares/ST/STM32_USB_Device_Library/Core/Src/usbd_ctlreq.o
 *fill*         0x00000000080078ee        0x2 
 .text.USBD_SetConfig
                0x00000000080078f0      0x11c ./Middlewares/ST/STM32_USB_Device_Library/Core/Src/usbd_ctlreq.o
 .text.USBD_GetConfig
                0x0000000008007a0c       0x6a ./Middlewares/ST/STM32_USB_Device_Library/Core/Src/usbd_ctlreq.o
 .text.USBD_GetStatus
                0x0000000008007a76       0x66 ./Middlewares/ST/STM32_USB_Device_Library/Core/Src/usbd_ctlreq.o
 .text.USBD_SetFeature
                0x0000000008007adc       0x28 ./Middlewares/ST/STM32_USB_Device_Library/Core/Src/usbd_ctlreq.o
 .text.USBD_ClrFeature
                0x0000000008007b04       0x42 ./Middlewares/ST/STM32_USB_Device_Library/Core/Src/usbd_ctlreq.o
 .text.USBD_ParseSetupRequest
                0x0000000008007b46       0x78 ./Middlewares/ST/STM32_USB_Device_Library/Core/Src/usbd_ctlreq.o
                0x0000000008007b46                USBD_ParseSetupRequest
 .text.USBD_CtlError
                0x0000000008007bbe       0x22 ./Middlewares/ST/STM32_USB_Device_Library/Core/Src/usbd_ctlreq.o
                0x0000000008007bbe                USBD_CtlError
 .text.USBD_GetString
                0x0000000008007be0       0x84 ./Middlewares/ST/STM32_USB_Device_Library/Core/Src/usbd_ctlreq.o
                0x0000000008007be0                USBD_GetString
 .text.USBD_GetLen
                0x0000000008007c64       0x2e ./Middlewares/ST/STM32_USB_Device_Library/Core/Src/usbd_ctlreq.o
 .text.USBD_CtlSendData
                0x0000000008007c92       0x38 ./Middlewares/ST/STM32_USB_Device_Library/Core/Src/usbd_ioreq.o
                0x0000000008007c92                USBD_CtlSendData
 .text.USBD_CtlContinueSendData
                0x0000000008007cca       0x24 ./Middlewares/ST/STM32_USB_Device_Library/Core/Src/usbd_ioreq.o
                0x0000000008007cca                USBD_CtlContinueSendData
 .text.USBD_CtlContinueRx
                0x0000000008007cee       0x24 ./Middlewares/ST/STM32_USB_Device_Library/Core/Src/usbd_ioreq.o
                0x0000000008007cee                USBD_CtlContinueRx
 .text.USBD_CtlSendStatus
                0x0000000008007d12       0x26 ./Middlewares/ST/STM32_USB_Device_Library/Core/Src/usbd_ioreq.o
                0x0000000008007d12                USBD_CtlSendStatus
 .text.USBD_CtlReceiveStatus
                0x0000000008007d38       0x26 ./Middlewares/ST/STM32_USB_Device_Library/Core/Src/usbd_ioreq.o
                0x0000000008007d38                USBD_CtlReceiveStatus
 *fill*         0x0000000008007d5e        0x2 
 .text.MX_USB_DEVICE_Init
                0x0000000008007d60       0x4c ./USB_DEVICE/App/usb_device.o
                0x0000000008007d60                MX_USB_DEVICE_Init
 .text.USBD_FS_DeviceDescriptor
                0x0000000008007dac       0x24 ./USB_DEVICE/App/usbd_desc.o
                0x0000000008007dac                USBD_FS_DeviceDescriptor
 .text.USBD_FS_LangIDStrDescriptor
                0x0000000008007dd0       0x24 ./USB_DEVICE/App/usbd_desc.o
                0x0000000008007dd0                USBD_FS_LangIDStrDescriptor
 .text.USBD_FS_ProductStrDescriptor
                0x0000000008007df4       0x3c ./USB_DEVICE/App/usbd_desc.o
                0x0000000008007df4                USBD_FS_ProductStrDescriptor
 .text.USBD_FS_ManufacturerStrDescriptor
                0x0000000008007e30       0x28 ./USB_DEVICE/App/usbd_desc.o
                0x0000000008007e30                USBD_FS_ManufacturerStrDescriptor
 .text.USBD_FS_SerialStrDescriptor
                0x0000000008007e58       0x24 ./USB_DEVICE/App/usbd_desc.o
                0x0000000008007e58                USBD_FS_SerialStrDescriptor
 .text.USBD_FS_ConfigStrDescriptor
                0x0000000008007e7c       0x3c ./USB_DEVICE/App/usbd_desc.o
                0x0000000008007e7c                USBD_FS_ConfigStrDescriptor
 .text.USBD_FS_InterfaceStrDescriptor
                0x0000000008007eb8       0x3c ./USB_DEVICE/App/usbd_desc.o
                0x0000000008007eb8                USBD_FS_InterfaceStrDescriptor
 .text.Get_SerialNum
                0x0000000008007ef4       0x58 ./USB_DEVICE/App/usbd_desc.o
 .text.IntToUnicode
                0x0000000008007f4c       0x7c ./USB_DEVICE/App/usbd_desc.o
 .text.HAL_PCD_MspInit
                0x0000000008007fc8       0x4c ./USB_DEVICE/Target/usbd_conf.o
                0x0000000008007fc8                HAL_PCD_MspInit
 .text.HAL_PCD_SetupStageCallback
                0x0000000008008014       0x24 ./USB_DEVICE/Target/usbd_conf.o
                0x0000000008008014                HAL_PCD_SetupStageCallback
 .text.HAL_PCD_DataOutStageCallback
                0x0000000008008038       0x36 ./USB_DEVICE/Target/usbd_conf.o
                0x0000000008008038                HAL_PCD_DataOutStageCallback
 .text.HAL_PCD_DataInStageCallback
                0x000000000800806e       0x34 ./USB_DEVICE/Target/usbd_conf.o
                0x000000000800806e                HAL_PCD_DataInStageCallback
 .text.HAL_PCD_SOFCallback
                0x00000000080080a2       0x1c ./USB_DEVICE/Target/usbd_conf.o
                0x00000000080080a2                HAL_PCD_SOFCallback
 .text.HAL_PCD_ResetCallback
                0x00000000080080be       0x3c ./USB_DEVICE/Target/usbd_conf.o
                0x00000000080080be                HAL_PCD_ResetCallback
 *fill*         0x00000000080080fa        0x2 
 .text.HAL_PCD_SuspendCallback
                0x00000000080080fc       0x34 ./USB_DEVICE/Target/usbd_conf.o
                0x00000000080080fc                HAL_PCD_SuspendCallback
 .text.HAL_PCD_ResumeCallback
                0x0000000008008130       0x1c ./USB_DEVICE/Target/usbd_conf.o
                0x0000000008008130                HAL_PCD_ResumeCallback
 .text.USBD_LL_Init
                0x000000000800814c       0x90 ./USB_DEVICE/Target/usbd_conf.o
                0x000000000800814c                USBD_LL_Init
 .text.USBD_LL_Start
                0x00000000080081dc       0x36 ./USB_DEVICE/Target/usbd_conf.o
                0x00000000080081dc                USBD_LL_Start
 .text.USBD_LL_OpenEP
                0x0000000008008212       0x4c ./USB_DEVICE/Target/usbd_conf.o
                0x0000000008008212                USBD_LL_OpenEP
 .text.USBD_LL_CloseEP
                0x000000000800825e       0x3e ./USB_DEVICE/Target/usbd_conf.o
                0x000000000800825e                USBD_LL_CloseEP
 .text.USBD_LL_StallEP
                0x000000000800829c       0x3e ./USB_DEVICE/Target/usbd_conf.o
                0x000000000800829c                USBD_LL_StallEP
 .text.USBD_LL_ClearStallEP
                0x00000000080082da       0x3e ./USB_DEVICE/Target/usbd_conf.o
                0x00000000080082da                USBD_LL_ClearStallEP
 .text.USBD_LL_IsStallEP
                0x0000000008008318       0x58 ./USB_DEVICE/Target/usbd_conf.o
                0x0000000008008318                USBD_LL_IsStallEP
 .text.USBD_LL_SetUSBAddress
                0x0000000008008370       0x3e ./USB_DEVICE/Target/usbd_conf.o
                0x0000000008008370                USBD_LL_SetUSBAddress
 .text.USBD_LL_Transmit
                0x00000000080083ae       0x46 ./USB_DEVICE/Target/usbd_conf.o
                0x00000000080083ae                USBD_LL_Transmit
 .text.USBD_LL_PrepareReceive
                0x00000000080083f4       0x46 ./USB_DEVICE/Target/usbd_conf.o
                0x00000000080083f4                USBD_LL_PrepareReceive
 *fill*         0x000000000800843a        0x2 
 .text.USBD_static_malloc
                0x000000000800843c       0x18 ./USB_DEVICE/Target/usbd_conf.o
                0x000000000800843c                USBD_static_malloc
 .text.USBD_static_free
                0x0000000008008454       0x12 ./USB_DEVICE/Target/usbd_conf.o
                0x0000000008008454                USBD_static_free
 .text.HAL_PCDEx_SetConnectionState
                0x0000000008008466       0x16 ./USB_DEVICE/Target/usbd_conf.o
                0x0000000008008466                HAL_PCDEx_SetConnectionState
 .text.USBD_Get_USB_Status
                0x000000000800847c       0x58 ./USB_DEVICE/Target/usbd_conf.o
 .text.memset   0x00000000080084d4       0x10 C:/ST/STM32CubeIDE_1.14.0/STM32CubeIDE/plugins/com.st.stm32cube.ide.mcu.externaltools.gnu-tools-for-stm32.11.3.rel1.win32_1.1.100.202309141235/tools/bin/../lib/gcc/arm-none-eabi/11.3.1/../../../../arm-none-eabi/lib/thumb/v7-m/nofp\libc_nano.a(libc_a-memset.o)
                0x00000000080084d4                memset
 .text.__libc_init_array
                0x00000000080084e4       0x48 C:/ST/STM32CubeIDE_1.14.0/STM32CubeIDE/plugins/com.st.stm32cube.ide.mcu.externaltools.gnu-tools-for-stm32.11.3.rel1.win32_1.1.100.202309141235/tools/bin/../lib/gcc/arm-none-eabi/11.3.1/../../../../arm-none-eabi/lib/thumb/v7-m/nofp\libc_nano.a(libc_a-init.o)
                0x00000000080084e4                __libc_init_array
 *(.glue_7)
 .glue_7        0x000000000800852c        0x0 linker stubs
 *(.glue_7t)
 .glue_7t       0x000000000800852c        0x0 linker stubs
 *(.eh_frame)
 .eh_frame      0x000000000800852c        0x0 C:/ST/STM32CubeIDE_1.14.0/STM32CubeIDE/plugins/com.st.stm32cube.ide.mcu.externaltools.gnu-tools-for-stm32.11.3.rel1.win32_1.1.100.202309141235/tools/bin/../lib/gcc/arm-none-eabi/11.3.1/thumb/v7-m/nofp/crtbegin.o
 *(.init)
 .init          0x000000000800852c        0x4 C:/ST/STM32CubeIDE_1.14.0/STM32CubeIDE/plugins/com.st.stm32cube.ide.mcu.externaltools.gnu-tools-for-stm32.11.3.rel1.win32_1.1.100.202309141235/tools/bin/../lib/gcc/arm-none-eabi/11.3.1/thumb/v7-m/nofp/crti.o
                0x000000000800852c                _init
 .init          0x0000000008008530        0x8 C:/ST/STM32CubeIDE_1.14.0/STM32CubeIDE/plugins/com.st.stm32cube.ide.mcu.externaltools.gnu-tools-for-stm32.11.3.rel1.win32_1.1.100.202309141235/tools/bin/../lib/gcc/arm-none-eabi/11.3.1/thumb/v7-m/nofp/crtn.o
 *(.fini)
 .fini          0x0000000008008538        0x4 C:/ST/STM32CubeIDE_1.14.0/STM32CubeIDE/plugins/com.st.stm32cube.ide.mcu.externaltools.gnu-tools-for-stm32.11.3.rel1.win32_1.1.100.202309141235/tools/bin/../lib/gcc/arm-none-eabi/11.3.1/thumb/v7-m/nofp/crti.o
                0x0000000008008538                _fini
 .fini          0x000000000800853c        0x8 C:/ST/STM32CubeIDE_1.14.0/STM32CubeIDE/plugins/com.st.stm32cube.ide.mcu.externaltools.gnu-tools-for-stm32.11.3.rel1.win32_1.1.100.202309141235/tools/bin/../lib/gcc/arm-none-eabi/11.3.1/thumb/v7-m/nofp/crtn.o
                0x0000000008008544                . = ALIGN (0x4)
                0x0000000008008544                _etext = .

.vfp11_veneer   0x0000000008008544        0x0
 .vfp11_veneer  0x0000000008008544        0x0 linker stubs

.v4_bx          0x0000000008008544        0x0
 .v4_bx         0x0000000008008544        0x0 linker stubs

.iplt           0x0000000008008544        0x0
 .iplt          0x0000000008008544        0x0 C:/ST/STM32CubeIDE_1.14.0/STM32CubeIDE/plugins/com.st.stm32cube.ide.mcu.externaltools.gnu-tools-for-stm32.11.3.rel1.win32_1.1.100.202309141235/tools/bin/../lib/gcc/arm-none-eabi/11.3.1/thumb/v7-m/nofp/crtbegin.o

.rodata         0x0000000008008544       0x6c
                0x0000000008008544                . = ALIGN (0x4)
 *(.rodata)
 .rodata        0x0000000008008544       0x46 ./USB_DEVICE/App/usbd_desc.o
 *(.rodata*)
 *fill*         0x000000000800858a        0x2 
 .rodata.AHBPrescTable
                0x000000000800858c       0x10 ./Core/Src/system_stm32f1xx.o
                0x000000000800858c                AHBPrescTable
 .rodata.aPLLMULFactorTable.1
                0x000000000800859c       0x10 ./Drivers/STM32F1xx_HAL_Driver/Src/stm32f1xx_hal_rcc.o
 .rodata.aPredivFactorTable.0
                0x00000000080085ac        0x2 ./Drivers/STM32F1xx_HAL_Driver/Src/stm32f1xx_hal_rcc.o
                0x00000000080085b0                . = ALIGN (0x4)
 *fill*         0x00000000080085ae        0x2 

.rel.dyn        0x00000000080085b0        0x0
 .rel.iplt      0x00000000080085b0        0x0 C:/ST/STM32CubeIDE_1.14.0/STM32CubeIDE/plugins/com.st.stm32cube.ide.mcu.externaltools.gnu-tools-for-stm32.11.3.rel1.win32_1.1.100.202309141235/tools/bin/../lib/gcc/arm-none-eabi/11.3.1/thumb/v7-m/nofp/crtbegin.o

.ARM.extab      0x00000000080085b0        0x0
                0x00000000080085b0                . = ALIGN (0x4)
 *(.ARM.extab* .gnu.linkonce.armextab.*)
                0x00000000080085b0                . = ALIGN (0x4)

.ARM            0x00000000080085b0        0x0
                0x00000000080085b0                . = ALIGN (0x4)
                0x00000000080085b0                __exidx_start = .
 *(.ARM.exidx*)
                0x00000000080085b0                __exidx_end = .
                0x00000000080085b0                . = ALIGN (0x4)

.preinit_array  0x00000000080085b0        0x0
                0x00000000080085b0                . = ALIGN (0x4)
                0x00000000080085b0                PROVIDE (__preinit_array_start = .)
 *(.preinit_array*)
                0x00000000080085b0                PROVIDE (__preinit_array_end = .)
                0x00000000080085b0                . = ALIGN (0x4)

.init_array     0x00000000080085b0        0x4
                0x00000000080085b0                . = ALIGN (0x4)
                0x00000000080085b0                PROVIDE (__init_array_start = .)
 *(SORT_BY_NAME(.init_array.*))
 *(.init_array*)
 .init_array    0x00000000080085b0        0x4 C:/ST/STM32CubeIDE_1.14.0/STM32CubeIDE/plugins/com.st.stm32cube.ide.mcu.externaltools.gnu-tools-for-stm32.11.3.rel1.win32_1.1.100.202309141235/tools/bin/../lib/gcc/arm-none-eabi/11.3.1/thumb/v7-m/nofp/crtbegin.o
                0x00000000080085b4                PROVIDE (__init_array_end = .)
                0x00000000080085b4                . = ALIGN (0x4)

.fini_array     0x00000000080085b4        0x4
                0x00000000080085b4                . = ALIGN (0x4)
                [!provide]                        PROVIDE (__fini_array_start = .)
 *(SORT_BY_NAME(.fini_array.*))
 *(.fini_array*)
 .fini_array    0x00000000080085b4        0x4 C:/ST/STM32CubeIDE_1.14.0/STM32CubeIDE/plugins/com.st.stm32cube.ide.mcu.externaltools.gnu-tools-for-stm32.11.3.rel1.win32_1.1.100.202309141235/tools/bin/../lib/gcc/arm-none-eabi/11.3.1/thumb/v7-m/nofp/crtbegin.o
                [!provide]                        PROVIDE (__fini_array_end = .)
                0x00000000080085b8                . = ALIGN (0x4)
                0x00000000080085b8                _sidata = LOADADDR (.data)

.data           0x0000000020000000      0x1d0 load address 0x00000000080085b8
                0x0000000020000000                . = ALIGN (0x4)
                0x0000000020000000                _sdata = .
 *(.data)
 *(.data*)
 .data.buttons  0x0000000020000000       0x78 ./App/Src/Button.o
                0x0000000020000000                buttons
 .data.SystemCoreClock
                0x0000000020000078        0x4 ./Core/Src/system_stm32f1xx.o
                0x0000000020000078                SystemCoreClock
 .data.uwTickPrio
                0x000000002000007c        0x4 ./Drivers/STM32F1xx_HAL_Driver/Src/stm32f1xx_hal.o
                0x000000002000007c                uwTickPrio
 .data.uwTickFreq
                0x0000000020000080        0x1 ./Drivers/STM32F1xx_HAL_Driver/Src/stm32f1xx_hal.o
                0x0000000020000080                uwTickFreq
 *fill*         0x0000000020000081        0x3 
 .data.USBD_HID
                0x0000000020000084       0x38 ./Middlewares/ST/STM32_USB_Device_Library/Class/HID/Src/usbd_hid.o
                0x0000000020000084                USBD_HID
 .data.USBD_HID_CfgFSDesc
                0x00000000200000bc       0x22 ./Middlewares/ST/STM32_USB_Device_Library/Class/HID/Src/usbd_hid.o
 *fill*         0x00000000200000de        0x2 
 .data.USBD_HID_CfgHSDesc
                0x00000000200000e0       0x22 ./Middlewares/ST/STM32_USB_Device_Library/Class/HID/Src/usbd_hid.o
 *fill*         0x0000000020000102        0x2 
 .data.USBD_HID_OtherSpeedCfgDesc
                0x0000000020000104       0x22 ./Middlewares/ST/STM32_USB_Device_Library/Class/HID/Src/usbd_hid.o
 *fill*         0x0000000020000126        0x2 
 .data.USBD_HID_Desc
                0x0000000020000128        0x9 ./Middlewares/ST/STM32_USB_Device_Library/Class/HID/Src/usbd_hid.o
 *fill*         0x0000000020000131        0x3 
 .data.USBD_HID_DeviceQualifierDesc
                0x0000000020000134        0xa ./Middlewares/ST/STM32_USB_Device_Library/Class/HID/Src/usbd_hid.o
 *fill*         0x000000002000013e        0x2 
 .data.HID_MOUSE_ReportDesc
                0x0000000020000140       0x3f ./Middlewares/ST/STM32_USB_Device_Library/Class/HID/Src/usbd_hid.o
 *fill*         0x000000002000017f        0x1 
 .data.FS_Desc  0x0000000020000180       0x1c ./USB_DEVICE/App/usbd_desc.o
                0x0000000020000180                FS_Desc
 .data.USBD_FS_DeviceDesc
                0x000000002000019c       0x12 ./USB_DEVICE/App/usbd_desc.o
                0x000000002000019c                USBD_FS_DeviceDesc
 *fill*         0x00000000200001ae        0x2 
 .data.USBD_LangIDDesc
                0x00000000200001b0        0x4 ./USB_DEVICE/App/usbd_desc.o
                0x00000000200001b0                USBD_LangIDDesc
 .data.USBD_StringSerial
                0x00000000200001b4       0x1a ./USB_DEVICE/App/usbd_desc.o
                0x00000000200001b4                USBD_StringSerial
 *(.RamFunc)
 *(.RamFunc*)
                0x00000000200001d0                . = ALIGN (0x4)
 *fill*         0x00000000200001ce        0x2 
                0x00000000200001d0                _edata = .

.igot.plt       0x00000000200001d0        0x0 load address 0x0000000008008788
 .igot.plt      0x00000000200001d0        0x0 C:/ST/STM32CubeIDE_1.14.0/STM32CubeIDE/plugins/com.st.stm32cube.ide.mcu.externaltools.gnu-tools-for-stm32.11.3.rel1.win32_1.1.100.202309141235/tools/bin/../lib/gcc/arm-none-eabi/11.3.1/thumb/v7-m/nofp/crtbegin.o
                0x00000000200001d0                . = ALIGN (0x4)

.bss            0x00000000200001d0      0x96c load address 0x0000000008008788
                0x00000000200001d0                _sbss = .
                0x00000000200001d0                __bss_start__ = _sbss
 *(.bss)
 .bss           0x00000000200001d0       0x1c C:/ST/STM32CubeIDE_1.14.0/STM32CubeIDE/plugins/com.st.stm32cube.ide.mcu.externaltools.gnu-tools-for-stm32.11.3.rel1.win32_1.1.100.202309141235/tools/bin/../lib/gcc/arm-none-eabi/11.3.1/thumb/v7-m/nofp/crtbegin.o
 *(.bss*)
 .bss.keyboardhid
                0x00000000200001ec        0x8 ./App/Src/Button.o
                0x00000000200001ec                keyboardhid
 .bss.matrix_buffor
                0x00000000200001f4       0x88 ./App/Src/Led.o
                0x00000000200001f4                matrix_buffor
 .bss.px        0x000000002000027c        0xc ./App/Src/Led.o
                0x000000002000027c                px
 .bss.hspi1     0x0000000020000288       0x58 ./Core/Src/spi.o
                0x0000000020000288                hspi1
 .bss.hdma_spi1_tx
                0x00000000200002e0       0x44 ./Core/Src/spi.o
                0x00000000200002e0                hdma_spi1_tx
 .bss.htim2     0x0000000020000324       0x48 ./Core/Src/tim.o
                0x0000000020000324                htim2
 .bss.uwTick    0x000000002000036c        0x4 ./Drivers/STM32F1xx_HAL_Driver/Src/stm32f1xx_hal.o
                0x000000002000036c                uwTick
 .bss.cfgidx.0  0x0000000020000370        0x1 ./Middlewares/ST/STM32_USB_Device_Library/Core/Src/usbd_ctlreq.o
 *fill*         0x0000000020000371        0x3 
 .bss.hUsbDeviceFS
                0x0000000020000374      0x2c4 ./USB_DEVICE/App/usb_device.o
                0x0000000020000374                hUsbDeviceFS
 .bss.USBD_StrDesc
                0x0000000020000638      0x200 ./USB_DEVICE/App/usbd_desc.o
                0x0000000020000638                USBD_StrDesc
 .bss.hpcd_USB_FS
                0x0000000020000838      0x2f0 ./USB_DEVICE/Target/usbd_conf.o
                0x0000000020000838                hpcd_USB_FS
 .bss.mem.0     0x0000000020000b28       0x14 ./USB_DEVICE/Target/usbd_conf.o
 *(COMMON)
                0x0000000020000b3c                . = ALIGN (0x4)
                0x0000000020000b3c                _ebss = .
                0x0000000020000b3c                __bss_end__ = _ebss

._user_heap_stack
                0x0000000020000b3c      0x604 load address 0x0000000008008788
                0x0000000020000b40                . = ALIGN (0x8)
 *fill*         0x0000000020000b3c        0x4 
                [!provide]                        PROVIDE (end = .)
                0x0000000020000b40                PROVIDE (_end = .)
                0x0000000020000d40                . = (. + _Min_Heap_Size)
 *fill*         0x0000000020000b40      0x200 
                0x0000000020001140                . = (. + _Min_Stack_Size)
 *fill*         0x0000000020000d40      0x400 
                0x0000000020001140                . = ALIGN (0x8)

/DISCARD/
 libc.a(*)
 libm.a(*)
 libgcc.a(*)

.ARM.attributes
                0x0000000000000000       0x29
 *(.ARM.attributes)
 .ARM.attributes
                0x0000000000000000       0x1d C:/ST/STM32CubeIDE_1.14.0/STM32CubeIDE/plugins/com.st.stm32cube.ide.mcu.externaltools.gnu-tools-for-stm32.11.3.rel1.win32_1.1.100.202309141235/tools/bin/../lib/gcc/arm-none-eabi/11.3.1/thumb/v7-m/nofp/crti.o
 .ARM.attributes
                0x000000000000001d       0x2d C:/ST/STM32CubeIDE_1.14.0/STM32CubeIDE/plugins/com.st.stm32cube.ide.mcu.externaltools.gnu-tools-for-stm32.11.3.rel1.win32_1.1.100.202309141235/tools/bin/../lib/gcc/arm-none-eabi/11.3.1/thumb/v7-m/nofp/crtbegin.o
 .ARM.attributes
                0x000000000000004a       0x2d ./App/Src/App.o
 .ARM.attributes
                0x0000000000000077       0x2d ./App/Src/Button.o
 .ARM.attributes
                0x00000000000000a4       0x2d ./App/Src/Led.o
 .ARM.attributes
                0x00000000000000d1       0x2d ./Core/Src/dma.o
 .ARM.attributes
                0x00000000000000fe       0x2d ./Core/Src/gpio.o
 .ARM.attributes
                0x000000000000012b       0x2d ./Core/Src/main.o
 .ARM.attributes
                0x0000000000000158       0x2d ./Core/Src/spi.o
 .ARM.attributes
                0x0000000000000185       0x2d ./Core/Src/stm32f1xx_hal_msp.o
 .ARM.attributes
                0x00000000000001b2       0x2d ./Core/Src/stm32f1xx_it.o
 .ARM.attributes
                0x00000000000001df       0x2d ./Core/Src/system_stm32f1xx.o
 .ARM.attributes
                0x000000000000020c       0x2d ./Core/Src/tim.o
 .ARM.attributes
                0x0000000000000239       0x21 ./Core/Startup/startup_stm32f103cbtx.o
 .ARM.attributes
                0x000000000000025a       0x2d ./Drivers/STM32F1xx_HAL_Driver/Src/stm32f1xx_hal.o
 .ARM.attributes
                0x0000000000000287       0x2d ./Drivers/STM32F1xx_HAL_Driver/Src/stm32f1xx_hal_cortex.o
 .ARM.attributes
                0x00000000000002b4       0x2d ./Drivers/STM32F1xx_HAL_Driver/Src/stm32f1xx_hal_dma.o
 .ARM.attributes
                0x00000000000002e1       0x2d ./Drivers/STM32F1xx_HAL_Driver/Src/stm32f1xx_hal_gpio.o
 .ARM.attributes
                0x000000000000030e       0x2d ./Drivers/STM32F1xx_HAL_Driver/Src/stm32f1xx_hal_pcd.o
 .ARM.attributes
                0x000000000000033b       0x2d ./Drivers/STM32F1xx_HAL_Driver/Src/stm32f1xx_hal_pcd_ex.o
 .ARM.attributes
                0x0000000000000368       0x2d ./Drivers/STM32F1xx_HAL_Driver/Src/stm32f1xx_hal_rcc.o
 .ARM.attributes
                0x0000000000000395       0x2d ./Drivers/STM32F1xx_HAL_Driver/Src/stm32f1xx_hal_rcc_ex.o
 .ARM.attributes
                0x00000000000003c2       0x2d ./Drivers/STM32F1xx_HAL_Driver/Src/stm32f1xx_hal_spi.o
 .ARM.attributes
                0x00000000000003ef       0x2d ./Drivers/STM32F1xx_HAL_Driver/Src/stm32f1xx_hal_tim.o
 .ARM.attributes
                0x000000000000041c       0x2d ./Drivers/STM32F1xx_HAL_Driver/Src/stm32f1xx_hal_tim_ex.o
 .ARM.attributes
                0x0000000000000449       0x2d ./Drivers/STM32F1xx_HAL_Driver/Src/stm32f1xx_ll_usb.o
 .ARM.attributes
                0x0000000000000476       0x2d ./Middlewares/ST/STM32_USB_Device_Library/Class/HID/Src/usbd_hid.o
 .ARM.attributes
                0x00000000000004a3       0x2d ./Middlewares/ST/STM32_USB_Device_Library/Core/Src/usbd_core.o
 .ARM.attributes
                0x00000000000004d0       0x2d ./Middlewares/ST/STM32_USB_Device_Library/Core/Src/usbd_ctlreq.o
 .ARM.attributes
                0x00000000000004fd       0x2d ./Middlewares/ST/STM32_USB_Device_Library/Core/Src/usbd_ioreq.o
 .ARM.attributes
                0x000000000000052a       0x2d ./USB_DEVICE/App/usb_device.o
 .ARM.attributes
                0x0000000000000557       0x2d ./USB_DEVICE/App/usbd_desc.o
 .ARM.attributes
                0x0000000000000584       0x2d ./USB_DEVICE/Target/usbd_conf.o
 .ARM.attributes
                0x00000000000005b1       0x2d C:/ST/STM32CubeIDE_1.14.0/STM32CubeIDE/plugins/com.st.stm32cube.ide.mcu.externaltools.gnu-tools-for-stm32.11.3.rel1.win32_1.1.100.202309141235/tools/bin/../lib/gcc/arm-none-eabi/11.3.1/../../../../arm-none-eabi/lib/thumb/v7-m/nofp\libc_nano.a(libc_a-memset.o)
 .ARM.attributes
                0x00000000000005de       0x2d C:/ST/STM32CubeIDE_1.14.0/STM32CubeIDE/plugins/com.st.stm32cube.ide.mcu.externaltools.gnu-tools-for-stm32.11.3.rel1.win32_1.1.100.202309141235/tools/bin/../lib/gcc/arm-none-eabi/11.3.1/../../../../arm-none-eabi/lib/thumb/v7-m/nofp\libc_nano.a(libc_a-init.o)
 .ARM.attributes
                0x000000000000060b       0x1d C:/ST/STM32CubeIDE_1.14.0/STM32CubeIDE/plugins/com.st.stm32cube.ide.mcu.externaltools.gnu-tools-for-stm32.11.3.rel1.win32_1.1.100.202309141235/tools/bin/../lib/gcc/arm-none-eabi/11.3.1/thumb/v7-m/nofp/crtn.o
OUTPUT(OSU_Keyboard.elf elf32-littlearm)
LOAD linker stubs
LOAD C:/ST/STM32CubeIDE_1.14.0/STM32CubeIDE/plugins/com.st.stm32cube.ide.mcu.externaltools.gnu-tools-for-stm32.11.3.rel1.win32_1.1.100.202309141235/tools/bin/../lib/gcc/arm-none-eabi/11.3.1/../../../../arm-none-eabi/lib/thumb/v7-m/nofp\libc.a
LOAD C:/ST/STM32CubeIDE_1.14.0/STM32CubeIDE/plugins/com.st.stm32cube.ide.mcu.externaltools.gnu-tools-for-stm32.11.3.rel1.win32_1.1.100.202309141235/tools/bin/../lib/gcc/arm-none-eabi/11.3.1/../../../../arm-none-eabi/lib/thumb/v7-m/nofp\libm.a
LOAD C:/ST/STM32CubeIDE_1.14.0/STM32CubeIDE/plugins/com.st.stm32cube.ide.mcu.externaltools.gnu-tools-for-stm32.11.3.rel1.win32_1.1.100.202309141235/tools/bin/../lib/gcc/arm-none-eabi/11.3.1/thumb/v7-m/nofp\libgcc.a

.comment        0x0000000000000000       0x43
 .comment       0x0000000000000000       0x43 C:/ST/STM32CubeIDE_1.14.0/STM32CubeIDE/plugins/com.st.stm32cube.ide.mcu.externaltools.gnu-tools-for-stm32.11.3.rel1.win32_1.1.100.202309141235/tools/bin/../lib/gcc/arm-none-eabi/11.3.1/thumb/v7-m/nofp/crtbegin.o
                                         0x44 (size before relaxing)
 .comment       0x0000000000000043       0x44 ./App/Src/App.o
 .comment       0x0000000000000043       0x44 ./App/Src/Button.o
 .comment       0x0000000000000043       0x44 ./App/Src/Led.o
 .comment       0x0000000000000043       0x44 ./Core/Src/dma.o
 .comment       0x0000000000000043       0x44 ./Core/Src/gpio.o
 .comment       0x0000000000000043       0x44 ./Core/Src/main.o
 .comment       0x0000000000000043       0x44 ./Core/Src/spi.o
 .comment       0x0000000000000043       0x44 ./Core/Src/stm32f1xx_hal_msp.o
 .comment       0x0000000000000043       0x44 ./Core/Src/stm32f1xx_it.o
 .comment       0x0000000000000043       0x44 ./Core/Src/system_stm32f1xx.o
 .comment       0x0000000000000043       0x44 ./Core/Src/tim.o
 .comment       0x0000000000000043       0x44 ./Drivers/STM32F1xx_HAL_Driver/Src/stm32f1xx_hal.o
 .comment       0x0000000000000043       0x44 ./Drivers/STM32F1xx_HAL_Driver/Src/stm32f1xx_hal_cortex.o
 .comment       0x0000000000000043       0x44 ./Drivers/STM32F1xx_HAL_Driver/Src/stm32f1xx_hal_dma.o
 .comment       0x0000000000000043       0x44 ./Drivers/STM32F1xx_HAL_Driver/Src/stm32f1xx_hal_gpio.o
 .comment       0x0000000000000043       0x44 ./Drivers/STM32F1xx_HAL_Driver/Src/stm32f1xx_hal_pcd.o
 .comment       0x0000000000000043       0x44 ./Drivers/STM32F1xx_HAL_Driver/Src/stm32f1xx_hal_pcd_ex.o
 .comment       0x0000000000000043       0x44 ./Drivers/STM32F1xx_HAL_Driver/Src/stm32f1xx_hal_rcc.o
 .comment       0x0000000000000043       0x44 ./Drivers/STM32F1xx_HAL_Driver/Src/stm32f1xx_hal_rcc_ex.o
 .comment       0x0000000000000043       0x44 ./Drivers/STM32F1xx_HAL_Driver/Src/stm32f1xx_hal_spi.o
 .comment       0x0000000000000043       0x44 ./Drivers/STM32F1xx_HAL_Driver/Src/stm32f1xx_hal_tim.o
 .comment       0x0000000000000043       0x44 ./Drivers/STM32F1xx_HAL_Driver/Src/stm32f1xx_hal_tim_ex.o
 .comment       0x0000000000000043       0x44 ./Drivers/STM32F1xx_HAL_Driver/Src/stm32f1xx_ll_usb.o
 .comment       0x0000000000000043       0x44 ./Middlewares/ST/STM32_USB_Device_Library/Class/HID/Src/usbd_hid.o
 .comment       0x0000000000000043       0x44 ./Middlewares/ST/STM32_USB_Device_Library/Core/Src/usbd_core.o
 .comment       0x0000000000000043       0x44 ./Middlewares/ST/STM32_USB_Device_Library/Core/Src/usbd_ctlreq.o
 .comment       0x0000000000000043       0x44 ./Middlewares/ST/STM32_USB_Device_Library/Core/Src/usbd_ioreq.o
 .comment       0x0000000000000043       0x44 ./USB_DEVICE/App/usb_device.o
 .comment       0x0000000000000043       0x44 ./USB_DEVICE/App/usbd_desc.o
 .comment       0x0000000000000043       0x44 ./USB_DEVICE/Target/usbd_conf.o

.debug_info     0x0000000000000000    0x12f8c
 .debug_info    0x0000000000000000       0xff ./App/Src/App.o
 .debug_info    0x00000000000000ff      0x7f6 ./App/Src/Button.o
 .debug_info    0x00000000000008f5      0x97d ./App/Src/Led.o
 .debug_info    0x0000000000001272      0x2cf ./Core/Src/dma.o
 .debug_info    0x0000000000001541      0x2b7 ./Core/Src/gpio.o
 .debug_info    0x00000000000017f8      0x343 ./Core/Src/main.o
 .debug_info    0x0000000000001b3b      0x7ef ./Core/Src/spi.o
 .debug_info    0x000000000000232a      0x1f1 ./Core/Src/stm32f1xx_hal_msp.o
 .debug_info    0x000000000000251b      0x809 ./Core/Src/stm32f1xx_it.o
 .debug_info    0x0000000000002d24      0x222 ./Core/Src/system_stm32f1xx.o
 .debug_info    0x0000000000002f46      0x986 ./Core/Src/tim.o
 .debug_info    0x00000000000038cc       0x23 ./Core/Startup/startup_stm32f103cbtx.o
 .debug_info    0x00000000000038ef      0x704 ./Drivers/STM32F1xx_HAL_Driver/Src/stm32f1xx_hal.o
 .debug_info    0x0000000000003ff3      0xa87 ./Drivers/STM32F1xx_HAL_Driver/Src/stm32f1xx_hal_cortex.o
 .debug_info    0x0000000000004a7a      0x6d2 ./Drivers/STM32F1xx_HAL_Driver/Src/stm32f1xx_hal_dma.o
 .debug_info    0x000000000000514c      0x5ab ./Drivers/STM32F1xx_HAL_Driver/Src/stm32f1xx_hal_gpio.o
 .debug_info    0x00000000000056f7     0x16cf ./Drivers/STM32F1xx_HAL_Driver/Src/stm32f1xx_hal_pcd.o
 .debug_info    0x0000000000006dc6      0x6b6 ./Drivers/STM32F1xx_HAL_Driver/Src/stm32f1xx_hal_pcd_ex.o
 .debug_info    0x000000000000747c      0x7d5 ./Drivers/STM32F1xx_HAL_Driver/Src/stm32f1xx_hal_rcc.o
 .debug_info    0x0000000000007c51      0x3c0 ./Drivers/STM32F1xx_HAL_Driver/Src/stm32f1xx_hal_rcc_ex.o
 .debug_info    0x0000000000008011     0x1503 ./Drivers/STM32F1xx_HAL_Driver/Src/stm32f1xx_hal_spi.o
 .debug_info    0x0000000000009514     0x293b ./Drivers/STM32F1xx_HAL_Driver/Src/stm32f1xx_hal_tim.o
 .debug_info    0x000000000000be4f     0x149b ./Drivers/STM32F1xx_HAL_Driver/Src/stm32f1xx_hal_tim_ex.o
 .debug_info    0x000000000000d2ea     0x17a2 ./Drivers/STM32F1xx_HAL_Driver/Src/stm32f1xx_ll_usb.o
 .debug_info    0x000000000000ea8c      0x927 ./Middlewares/ST/STM32_USB_Device_Library/Class/HID/Src/usbd_hid.o
 .debug_info    0x000000000000f3b3      0xa52 ./Middlewares/ST/STM32_USB_Device_Library/Core/Src/usbd_core.o
 .debug_info    0x000000000000fe05      0x91c ./Middlewares/ST/STM32_USB_Device_Library/Core/Src/usbd_ctlreq.o
 .debug_info    0x0000000000010721      0x6a0 ./Middlewares/ST/STM32_USB_Device_Library/Core/Src/usbd_ioreq.o
 .debug_info    0x0000000000010dc1      0x53a ./USB_DEVICE/App/usb_device.o
 .debug_info    0x00000000000112fb      0x44a ./USB_DEVICE/App/usbd_desc.o
 .debug_info    0x0000000000011745     0x1847 ./USB_DEVICE/Target/usbd_conf.o

.debug_abbrev   0x0000000000000000     0x3b18
 .debug_abbrev  0x0000000000000000       0x7a ./App/Src/App.o
 .debug_abbrev  0x000000000000007a      0x228 ./App/Src/Button.o
 .debug_abbrev  0x00000000000002a2      0x272 ./App/Src/Led.o
 .debug_abbrev  0x0000000000000514       0xfc ./Core/Src/dma.o
 .debug_abbrev  0x0000000000000610      0x13f ./Core/Src/gpio.o
 .debug_abbrev  0x000000000000074f      0x1c3 ./Core/Src/main.o
 .debug_abbrev  0x0000000000000912      0x1f4 ./Core/Src/spi.o
 .debug_abbrev  0x0000000000000b06       0xdb ./Core/Src/stm32f1xx_hal_msp.o
 .debug_abbrev  0x0000000000000be1      0x1b4 ./Core/Src/stm32f1xx_it.o
 .debug_abbrev  0x0000000000000d95      0x13f ./Core/Src/system_stm32f1xx.o
 .debug_abbrev  0x0000000000000ed4      0x220 ./Core/Src/tim.o
 .debug_abbrev  0x00000000000010f4       0x12 ./Core/Startup/startup_stm32f103cbtx.o
 .debug_abbrev  0x0000000000001106      0x201 ./Drivers/STM32F1xx_HAL_Driver/Src/stm32f1xx_hal.o
 .debug_abbrev  0x0000000000001307      0x2f8 ./Drivers/STM32F1xx_HAL_Driver/Src/stm32f1xx_hal_cortex.o
 .debug_abbrev  0x00000000000015ff      0x20b ./Drivers/STM32F1xx_HAL_Driver/Src/stm32f1xx_hal_dma.o
 .debug_abbrev  0x000000000000180a      0x1ca ./Drivers/STM32F1xx_HAL_Driver/Src/stm32f1xx_hal_gpio.o
 .debug_abbrev  0x00000000000019d4      0x2d6 ./Drivers/STM32F1xx_HAL_Driver/Src/stm32f1xx_hal_pcd.o
 .debug_abbrev  0x0000000000001caa      0x189 ./Drivers/STM32F1xx_HAL_Driver/Src/stm32f1xx_hal_pcd_ex.o
 .debug_abbrev  0x0000000000001e33      0x2b3 ./Drivers/STM32F1xx_HAL_Driver/Src/stm32f1xx_hal_rcc.o
 .debug_abbrev  0x00000000000020e6      0x188 ./Drivers/STM32F1xx_HAL_Driver/Src/stm32f1xx_hal_rcc_ex.o
 .debug_abbrev  0x000000000000226e      0x284 ./Drivers/STM32F1xx_HAL_Driver/Src/stm32f1xx_hal_spi.o
 .debug_abbrev  0x00000000000024f2      0x277 ./Drivers/STM32F1xx_HAL_Driver/Src/stm32f1xx_hal_tim.o
 .debug_abbrev  0x0000000000002769      0x282 ./Drivers/STM32F1xx_HAL_Driver/Src/stm32f1xx_hal_tim_ex.o
 .debug_abbrev  0x00000000000029eb      0x1de ./Drivers/STM32F1xx_HAL_Driver/Src/stm32f1xx_ll_usb.o
 .debug_abbrev  0x0000000000002bc9      0x26b ./Middlewares/ST/STM32_USB_Device_Library/Class/HID/Src/usbd_hid.o
 .debug_abbrev  0x0000000000002e34      0x24a ./Middlewares/ST/STM32_USB_Device_Library/Core/Src/usbd_core.o
 .debug_abbrev  0x000000000000307e      0x26b ./Middlewares/ST/STM32_USB_Device_Library/Core/Src/usbd_ctlreq.o
 .debug_abbrev  0x00000000000032e9      0x192 ./Middlewares/ST/STM32_USB_Device_Library/Core/Src/usbd_ioreq.o
 .debug_abbrev  0x000000000000347b      0x188 ./USB_DEVICE/App/usb_device.o
 .debug_abbrev  0x0000000000003603      0x1ff ./USB_DEVICE/App/usbd_desc.o
 .debug_abbrev  0x0000000000003802      0x316 ./USB_DEVICE/Target/usbd_conf.o

.debug_aranges  0x0000000000000000     0x1328
 .debug_aranges
                0x0000000000000000       0x20 ./App/Src/App.o
 .debug_aranges
                0x0000000000000020       0x70 ./App/Src/Button.o
 .debug_aranges
                0x0000000000000090       0x68 ./App/Src/Led.o
 .debug_aranges
                0x00000000000000f8       0x20 ./Core/Src/dma.o
 .debug_aranges
                0x0000000000000118       0x20 ./Core/Src/gpio.o
 .debug_aranges
                0x0000000000000138       0x30 ./Core/Src/main.o
 .debug_aranges
                0x0000000000000168       0x30 ./Core/Src/spi.o
 .debug_aranges
                0x0000000000000198       0x20 ./Core/Src/stm32f1xx_hal_msp.o
 .debug_aranges
                0x00000000000001b8       0x70 ./Core/Src/stm32f1xx_it.o
 .debug_aranges
                0x0000000000000228       0x28 ./Core/Src/system_stm32f1xx.o
 .debug_aranges
                0x0000000000000250       0x30 ./Core/Src/tim.o
 .debug_aranges
                0x0000000000000280       0x28 ./Core/Startup/startup_stm32f103cbtx.o
 .debug_aranges
                0x00000000000002a8       0xe0 ./Drivers/STM32F1xx_HAL_Driver/Src/stm32f1xx_hal.o
 .debug_aranges
                0x0000000000000388      0x100 ./Drivers/STM32F1xx_HAL_Driver/Src/stm32f1xx_hal_cortex.o
 .debug_aranges
                0x0000000000000488       0x80 ./Drivers/STM32F1xx_HAL_Driver/Src/stm32f1xx_hal_dma.o
 .debug_aranges
                0x0000000000000508       0x58 ./Drivers/STM32F1xx_HAL_Driver/Src/stm32f1xx_hal_gpio.o
 .debug_aranges
                0x0000000000000560      0x140 ./Drivers/STM32F1xx_HAL_Driver/Src/stm32f1xx_hal_pcd.o
 .debug_aranges
                0x00000000000006a0       0x38 ./Drivers/STM32F1xx_HAL_Driver/Src/stm32f1xx_hal_pcd_ex.o
 .debug_aranges
                0x00000000000006d8       0x90 ./Drivers/STM32F1xx_HAL_Driver/Src/stm32f1xx_hal_rcc.o
 .debug_aranges
                0x0000000000000768       0x30 ./Drivers/STM32F1xx_HAL_Driver/Src/stm32f1xx_hal_rcc_ex.o
 .debug_aranges
                0x0000000000000798      0x1d0 ./Drivers/STM32F1xx_HAL_Driver/Src/stm32f1xx_hal_spi.o
 .debug_aranges
                0x0000000000000968      0x3d0 ./Drivers/STM32F1xx_HAL_Driver/Src/stm32f1xx_hal_tim.o
 .debug_aranges
                0x0000000000000d38      0x168 ./Drivers/STM32F1xx_HAL_Driver/Src/stm32f1xx_hal_tim_ex.o
 .debug_aranges
                0x0000000000000ea0       0xf8 ./Drivers/STM32F1xx_HAL_Driver/Src/stm32f1xx_ll_usb.o
 .debug_aranges
                0x0000000000000f98       0x68 ./Middlewares/ST/STM32_USB_Device_Library/Class/HID/Src/usbd_hid.o
 .debug_aranges
                0x0000000000001000       0xb8 ./Middlewares/ST/STM32_USB_Device_Library/Core/Src/usbd_core.o
 .debug_aranges
                0x00000000000010b8       0x88 ./Middlewares/ST/STM32_USB_Device_Library/Core/Src/usbd_ctlreq.o
 .debug_aranges
                0x0000000000001140       0x50 ./Middlewares/ST/STM32_USB_Device_Library/Core/Src/usbd_ioreq.o
 .debug_aranges
                0x0000000000001190       0x20 ./USB_DEVICE/App/usb_device.o
 .debug_aranges
                0x00000000000011b0       0x60 ./USB_DEVICE/App/usbd_desc.o
 .debug_aranges
                0x0000000000001210      0x118 ./USB_DEVICE/Target/usbd_conf.o

.debug_rnglists
                0x0000000000000000      0xe74
 .debug_rnglists
                0x0000000000000000       0x13 ./App/Src/App.o
 .debug_rnglists
                0x0000000000000013       0x50 ./App/Src/Button.o
 .debug_rnglists
                0x0000000000000063       0x4d ./App/Src/Led.o
 .debug_rnglists
                0x00000000000000b0       0x13 ./Core/Src/dma.o
 .debug_rnglists
                0x00000000000000c3       0x14 ./Core/Src/gpio.o
 .debug_rnglists
                0x00000000000000d7       0x20 ./Core/Src/main.o
 .debug_rnglists
                0x00000000000000f7       0x20 ./Core/Src/spi.o
 .debug_rnglists
                0x0000000000000117       0x13 ./Core/Src/stm32f1xx_hal_msp.o
 .debug_rnglists
                0x000000000000012a       0x4f ./Core/Src/stm32f1xx_it.o
 .debug_rnglists
                0x0000000000000179       0x1a ./Core/Src/system_stm32f1xx.o
 .debug_rnglists
                0x0000000000000193       0x20 ./Core/Src/tim.o
 .debug_rnglists
                0x00000000000001b3       0x19 ./Core/Startup/startup_stm32f103cbtx.o
 .debug_rnglists
                0x00000000000001cc       0xa3 ./Drivers/STM32F1xx_HAL_Driver/Src/stm32f1xx_hal.o
 .debug_rnglists
                0x000000000000026f       0xbb ./Drivers/STM32F1xx_HAL_Driver/Src/stm32f1xx_hal_cortex.o
 .debug_rnglists
                0x000000000000032a       0x64 ./Drivers/STM32F1xx_HAL_Driver/Src/stm32f1xx_hal_dma.o
 .debug_rnglists
                0x000000000000038e       0x3f ./Drivers/STM32F1xx_HAL_Driver/Src/stm32f1xx_hal_gpio.o
 .debug_rnglists
                0x00000000000003cd       0xf4 ./Drivers/STM32F1xx_HAL_Driver/Src/stm32f1xx_hal_pcd.o
 .debug_rnglists
                0x00000000000004c1       0x26 ./Drivers/STM32F1xx_HAL_Driver/Src/stm32f1xx_hal_pcd_ex.o
 .debug_rnglists
                0x00000000000004e7       0x6c ./Drivers/STM32F1xx_HAL_Driver/Src/stm32f1xx_hal_rcc.o
 .debug_rnglists
                0x0000000000000553       0x21 ./Drivers/STM32F1xx_HAL_Driver/Src/stm32f1xx_hal_rcc_ex.o
 .debug_rnglists
                0x0000000000000574      0x16e ./Drivers/STM32F1xx_HAL_Driver/Src/stm32f1xx_hal_spi.o
 .debug_rnglists
                0x00000000000006e2      0x31a ./Drivers/STM32F1xx_HAL_Driver/Src/stm32f1xx_hal_tim.o
 .debug_rnglists
                0x00000000000009fc      0x125 ./Drivers/STM32F1xx_HAL_Driver/Src/stm32f1xx_hal_tim_ex.o
 .debug_rnglists
                0x0000000000000b21       0xbd ./Drivers/STM32F1xx_HAL_Driver/Src/stm32f1xx_ll_usb.o
 .debug_rnglists
                0x0000000000000bde       0x4a ./Middlewares/ST/STM32_USB_Device_Library/Class/HID/Src/usbd_hid.o
 .debug_rnglists
                0x0000000000000c28       0x89 ./Middlewares/ST/STM32_USB_Device_Library/Core/Src/usbd_core.o
 .debug_rnglists
                0x0000000000000cb1       0x68 ./Middlewares/ST/STM32_USB_Device_Library/Core/Src/usbd_ctlreq.o
 .debug_rnglists
                0x0000000000000d19       0x37 ./Middlewares/ST/STM32_USB_Device_Library/Core/Src/usbd_ioreq.o
 .debug_rnglists
                0x0000000000000d50       0x13 ./USB_DEVICE/App/usb_device.o
 .debug_rnglists
                0x0000000000000d63       0x43 ./USB_DEVICE/App/usbd_desc.o
 .debug_rnglists
                0x0000000000000da6       0xce ./USB_DEVICE/Target/usbd_conf.o

.debug_macro    0x0000000000000000    0x1b236
 .debug_macro   0x0000000000000000      0x371 ./App/Src/App.o
 .debug_macro   0x0000000000000371      0xa9c ./App/Src/App.o
 .debug_macro   0x0000000000000e0d      0x227 ./App/Src/App.o
 .debug_macro   0x0000000000001034       0x2e ./App/Src/App.o
 .debug_macro   0x0000000000001062       0x22 ./App/Src/App.o
 .debug_macro   0x0000000000001084       0x22 ./App/Src/App.o
 .debug_macro   0x00000000000010a6       0x8e ./App/Src/App.o
 .debug_macro   0x0000000000001134       0x51 ./App/Src/App.o
 .debug_macro   0x0000000000001185      0x103 ./App/Src/App.o
 .debug_macro   0x0000000000001288       0x6a ./App/Src/App.o
 .debug_macro   0x00000000000012f2      0x1df ./App/Src/App.o
 .debug_macro   0x00000000000014d1       0x1c ./App/Src/App.o
 .debug_macro   0x00000000000014ed       0x22 ./App/Src/App.o
 .debug_macro   0x000000000000150f       0xbd ./App/Src/App.o
 .debug_macro   0x00000000000015cc      0xd23 ./App/Src/App.o
 .debug_macro   0x00000000000022ef     0xe09e ./App/Src/App.o
 .debug_macro   0x000000000001038d       0x6d ./App/Src/App.o
 .debug_macro   0x00000000000103fa     0x348d ./App/Src/App.o
 .debug_macro   0x0000000000013887      0x174 ./App/Src/App.o
 .debug_macro   0x00000000000139fb       0x5c ./App/Src/App.o
 .debug_macro   0x0000000000013a57      0x5bc ./App/Src/App.o
 .debug_macro   0x0000000000014013      0x289 ./App/Src/App.o
 .debug_macro   0x000000000001429c      0x1cb ./App/Src/App.o
 .debug_macro   0x0000000000014467      0x114 ./App/Src/App.o
 .debug_macro   0x000000000001457b      0x1b2 ./App/Src/App.o
 .debug_macro   0x000000000001472d       0x27 ./App/Src/App.o
 .debug_macro   0x0000000000014754      0x136 ./App/Src/App.o
 .debug_macro   0x000000000001488a      0x1bc ./App/Src/App.o
 .debug_macro   0x0000000000014a46       0x34 ./App/Src/App.o
 .debug_macro   0x0000000000014a7a       0x3c ./App/Src/App.o
 .debug_macro   0x0000000000014ab6       0x57 ./App/Src/App.o
 .debug_macro   0x0000000000014b0d       0x87 ./App/Src/App.o
 .debug_macro   0x0000000000014b94      0x240 ./App/Src/App.o
 .debug_macro   0x0000000000014dd4      0x140 ./App/Src/App.o
 .debug_macro   0x0000000000014f14      0x217 ./App/Src/App.o
 .debug_macro   0x000000000001512b      0x8ed ./App/Src/App.o
 .debug_macro   0x0000000000015a18       0xab ./App/Src/App.o
 .debug_macro   0x0000000000015ac3      0x242 ./App/Src/App.o
 .debug_macro   0x0000000000015d05       0x83 ./App/Src/App.o
 .debug_macro   0x0000000000015d88       0x58 ./App/Src/App.o
 .debug_macro   0x0000000000015de0       0x61 ./App/Src/App.o
 .debug_macro   0x0000000000015e41       0x24 ./App/Src/App.o
 .debug_macro   0x0000000000015e65       0x43 ./App/Src/App.o
 .debug_macro   0x0000000000015ea8       0x34 ./App/Src/App.o
 .debug_macro   0x0000000000015edc       0x16 ./App/Src/App.o
 .debug_macro   0x0000000000015ef2       0x35 ./App/Src/App.o
 .debug_macro   0x0000000000015f27      0x369 ./App/Src/App.o
 .debug_macro   0x0000000000016290       0x10 ./App/Src/App.o
 .debug_macro   0x00000000000162a0       0x16 ./App/Src/App.o
 .debug_macro   0x00000000000162b6       0x43 ./App/Src/App.o
 .debug_macro   0x00000000000162f9       0x34 ./App/Src/App.o
 .debug_macro   0x000000000001632d       0x10 ./App/Src/App.o
 .debug_macro   0x000000000001633d       0x58 ./App/Src/App.o
 .debug_macro   0x0000000000016395       0x8e ./App/Src/App.o
 .debug_macro   0x0000000000016423       0x1c ./App/Src/App.o
 .debug_macro   0x000000000001643f      0x177 ./App/Src/App.o
 .debug_macro   0x00000000000165b6       0x16 ./App/Src/App.o
 .debug_macro   0x00000000000165cc       0x16 ./App/Src/App.o
 .debug_macro   0x00000000000165e2      0x147 ./App/Src/App.o
 .debug_macro   0x0000000000016729       0x16 ./App/Src/App.o
 .debug_macro   0x000000000001673f       0x16 ./App/Src/App.o
 .debug_macro   0x0000000000016755       0x29 ./App/Src/App.o
 .debug_macro   0x000000000001677e       0x16 ./App/Src/App.o
 .debug_macro   0x0000000000016794       0x20 ./App/Src/App.o
 .debug_macro   0x00000000000167b4       0x5f ./App/Src/App.o
 .debug_macro   0x0000000000016813      0x1c8 ./App/Src/App.o
 .debug_macro   0x00000000000169db       0x5e ./App/Src/App.o
 .debug_macro   0x0000000000016a39      0x371 ./App/Src/Button.o
 .debug_macro   0x0000000000016daa      0x204 ./App/Src/Led.o
 .debug_macro   0x0000000000016fae      0x1e0 ./Core/Src/dma.o
 .debug_macro   0x000000000001718e      0x1e0 ./Core/Src/gpio.o
 .debug_macro   0x000000000001736e      0x366 ./Core/Src/main.o
 .debug_macro   0x00000000000176d4      0x1e0 ./Core/Src/spi.o
 .debug_macro   0x00000000000178b4      0x1d6 ./Core/Src/stm32f1xx_hal_msp.o
 .debug_macro   0x0000000000017a8a      0x1e0 ./Core/Src/stm32f1xx_it.o
 .debug_macro   0x0000000000017c6a      0x1c7 ./Core/Src/system_stm32f1xx.o
 .debug_macro   0x0000000000017e31      0x1e0 ./Core/Src/tim.o
 .debug_macro   0x0000000000018011      0x1eb ./Drivers/STM32F1xx_HAL_Driver/Src/stm32f1xx_hal.o
 .debug_macro   0x00000000000181fc      0x1c7 ./Drivers/STM32F1xx_HAL_Driver/Src/stm32f1xx_hal_cortex.o
 .debug_macro   0x00000000000183c3      0x1c7 ./Drivers/STM32F1xx_HAL_Driver/Src/stm32f1xx_hal_dma.o
 .debug_macro   0x000000000001858a      0x232 ./Drivers/STM32F1xx_HAL_Driver/Src/stm32f1xx_hal_gpio.o
 .debug_macro   0x00000000000187bc      0x1d3 ./Drivers/STM32F1xx_HAL_Driver/Src/stm32f1xx_hal_pcd.o
 .debug_macro   0x000000000001898f      0x1c7 ./Drivers/STM32F1xx_HAL_Driver/Src/stm32f1xx_hal_pcd_ex.o
 .debug_macro   0x0000000000018b56      0x1d9 ./Drivers/STM32F1xx_HAL_Driver/Src/stm32f1xx_hal_rcc.o
 .debug_macro   0x0000000000018d2f      0x1c7 ./Drivers/STM32F1xx_HAL_Driver/Src/stm32f1xx_hal_rcc_ex.o
 .debug_macro   0x0000000000018ef6      0x1cf ./Drivers/STM32F1xx_HAL_Driver/Src/stm32f1xx_hal_spi.o
 .debug_macro   0x00000000000190c5      0x1c8 ./Drivers/STM32F1xx_HAL_Driver/Src/stm32f1xx_hal_tim.o
 .debug_macro   0x000000000001928d      0x1c7 ./Drivers/STM32F1xx_HAL_Driver/Src/stm32f1xx_hal_tim_ex.o
 .debug_macro   0x0000000000019454      0x1c7 ./Drivers/STM32F1xx_HAL_Driver/Src/stm32f1xx_ll_usb.o
 .debug_macro   0x000000000001961b      0x365 ./Middlewares/ST/STM32_USB_Device_Library/Class/HID/Src/usbd_hid.o
 .debug_macro   0x0000000000019980       0x97 ./Middlewares/ST/STM32_USB_Device_Library/Class/HID/Src/usbd_hid.o
 .debug_macro   0x0000000000019a17       0xfd ./Middlewares/ST/STM32_USB_Device_Library/Class/HID/Src/usbd_hid.o
 .debug_macro   0x0000000000019b14       0x56 ./Middlewares/ST/STM32_USB_Device_Library/Class/HID/Src/usbd_hid.o
 .debug_macro   0x0000000000019b6a      0x34c ./Middlewares/ST/STM32_USB_Device_Library/Core/Src/usbd_core.o
 .debug_macro   0x0000000000019eb6      0x1ce ./Middlewares/ST/STM32_USB_Device_Library/Core/Src/usbd_core.o
 .debug_macro   0x000000000001a084      0x356 ./Middlewares/ST/STM32_USB_Device_Library/Core/Src/usbd_ctlreq.o
 .debug_macro   0x000000000001a3da      0x352 ./Middlewares/ST/STM32_USB_Device_Library/Core/Src/usbd_ioreq.o
 .debug_macro   0x000000000001a72c      0x37c ./USB_DEVICE/App/usb_device.o
 .debug_macro   0x000000000001aaa8       0x5e ./USB_DEVICE/App/usb_device.o
 .debug_macro   0x000000000001ab06       0x22 ./USB_DEVICE/App/usb_device.o
 .debug_macro   0x000000000001ab28      0x389 ./USB_DEVICE/App/usbd_desc.o
 .debug_macro   0x000000000001aeb1       0x1c ./USB_DEVICE/App/usbd_desc.o
 .debug_macro   0x000000000001aecd      0x369 ./USB_DEVICE/Target/usbd_conf.o

.debug_line     0x0000000000000000    0x19470
 .debug_line    0x0000000000000000      0x9e4 ./App/Src/App.o
 .debug_line    0x00000000000009e4      0xbbb ./App/Src/Button.o
 .debug_line    0x000000000000159f      0xa35 ./App/Src/Led.o
 .debug_line    0x0000000000001fd4      0x746 ./Core/Src/dma.o
 .debug_line    0x000000000000271a      0x76d ./Core/Src/gpio.o
 .debug_line    0x0000000000002e87      0xa24 ./Core/Src/main.o
 .debug_line    0x00000000000038ab      0x7db ./Core/Src/spi.o
 .debug_line    0x0000000000004086      0x74c ./Core/Src/stm32f1xx_hal_msp.o
 .debug_line    0x00000000000047d2      0x83d ./Core/Src/stm32f1xx_it.o
 .debug_line    0x000000000000500f      0x7c9 ./Core/Src/system_stm32f1xx.o
 .debug_line    0x00000000000057d8      0x7cb ./Core/Src/tim.o
 .debug_line    0x0000000000005fa3       0x78 ./Core/Startup/startup_stm32f103cbtx.o
 .debug_line    0x000000000000601b      0x9f6 ./Drivers/STM32F1xx_HAL_Driver/Src/stm32f1xx_hal.o
 .debug_line    0x0000000000006a11      0xbde ./Drivers/STM32F1xx_HAL_Driver/Src/stm32f1xx_hal_cortex.o
 .debug_line    0x00000000000075ef      0xe4f ./Drivers/STM32F1xx_HAL_Driver/Src/stm32f1xx_hal_dma.o
 .debug_line    0x000000000000843e      0xa8f ./Drivers/STM32F1xx_HAL_Driver/Src/stm32f1xx_hal_gpio.o
 .debug_line    0x0000000000008ecd     0x1424 ./Drivers/STM32F1xx_HAL_Driver/Src/stm32f1xx_hal_pcd.o
 .debug_line    0x000000000000a2f1      0x7c4 ./Drivers/STM32F1xx_HAL_Driver/Src/stm32f1xx_hal_pcd_ex.o
 .debug_line    0x000000000000aab5      0xdff ./Drivers/STM32F1xx_HAL_Driver/Src/stm32f1xx_hal_rcc.o
 .debug_line    0x000000000000b8b4      0x93b ./Drivers/STM32F1xx_HAL_Driver/Src/stm32f1xx_hal_rcc_ex.o
 .debug_line    0x000000000000c1ef     0x1c7e ./Drivers/STM32F1xx_HAL_Driver/Src/stm32f1xx_hal_spi.o
 .debug_line    0x000000000000de6d     0x34e2 ./Drivers/STM32F1xx_HAL_Driver/Src/stm32f1xx_hal_tim.o
 .debug_line    0x000000000001134f     0x1955 ./Drivers/STM32F1xx_HAL_Driver/Src/stm32f1xx_hal_tim_ex.o
 .debug_line    0x0000000000012ca4     0x10ab ./Drivers/STM32F1xx_HAL_Driver/Src/stm32f1xx_ll_usb.o
 .debug_line    0x0000000000013d4f      0xc07 ./Middlewares/ST/STM32_USB_Device_Library/Class/HID/Src/usbd_hid.o
 .debug_line    0x0000000000014956      0xdca ./Middlewares/ST/STM32_USB_Device_Library/Core/Src/usbd_core.o
 .debug_line    0x0000000000015720     0x1007 ./Middlewares/ST/STM32_USB_Device_Library/Core/Src/usbd_ctlreq.o
 .debug_line    0x0000000000016727      0xa60 ./Middlewares/ST/STM32_USB_Device_Library/Core/Src/usbd_ioreq.o
 .debug_line    0x0000000000017187      0xa07 ./USB_DEVICE/App/usb_device.o
 .debug_line    0x0000000000017b8e      0xae9 ./USB_DEVICE/App/usbd_desc.o
 .debug_line    0x0000000000018677      0xdf9 ./USB_DEVICE/Target/usbd_conf.o

.debug_str      0x0000000000000000    0x8e9d2
 .debug_str     0x0000000000000000    0x89889 ./App/Src/App.o
                                      0x89c07 (size before relaxing)
 .debug_str     0x0000000000089889      0x573 ./App/Src/Button.o
                                      0x8a1c6 (size before relaxing)
 .debug_str     0x0000000000089dfc      0x53f ./App/Src/Led.o
                                      0x85def (size before relaxing)
 .debug_str     0x000000000008a33b      0x300 ./Core/Src/dma.o
                                      0x85b83 (size before relaxing)
 .debug_str     0x000000000008a63b       0x60 ./Core/Src/gpio.o
                                      0x85925 (size before relaxing)
 .debug_str     0x000000000008a69b      0x268 ./Core/Src/main.o
                                      0x89ce9 (size before relaxing)
 .debug_str     0x000000000008a903       0x84 ./Core/Src/spi.o
                                      0x85d5f (size before relaxing)
 .debug_str     0x000000000008a987       0x5a ./Core/Src/stm32f1xx_hal_msp.o
                                      0x858ad (size before relaxing)
 .debug_str     0x000000000008a9e1      0x3e9 ./Core/Src/stm32f1xx_it.o
                                      0x85e46 (size before relaxing)
 .debug_str     0x000000000008adca       0x7e ./Core/Src/system_stm32f1xx.o
                                      0x857ae (size before relaxing)
 .debug_str     0x000000000008ae48      0x3ce ./Core/Src/tim.o
                                      0x85f47 (size before relaxing)
 .debug_str     0x000000000008b216       0x34 ./Core/Startup/startup_stm32f103cbtx.o
                                         0x74 (size before relaxing)
 .debug_str     0x000000000008b24a      0x36e ./Drivers/STM32F1xx_HAL_Driver/Src/stm32f1xx_hal.o
                                      0x85ee1 (size before relaxing)
 .debug_str     0x000000000008b5b8      0x280 ./Drivers/STM32F1xx_HAL_Driver/Src/stm32f1xx_hal_cortex.o
                                      0x85e2d (size before relaxing)
 .debug_str     0x000000000008b838      0x206 ./Drivers/STM32F1xx_HAL_Driver/Src/stm32f1xx_hal_dma.o
                                      0x85b57 (size before relaxing)
 .debug_str     0x000000000008ba3e      0x2d0 ./Drivers/STM32F1xx_HAL_Driver/Src/stm32f1xx_hal_gpio.o
                                      0x85b34 (size before relaxing)
 .debug_str     0x000000000008bd0e      0x5bd ./Drivers/STM32F1xx_HAL_Driver/Src/stm32f1xx_hal_pcd.o
                                      0x860c0 (size before relaxing)
 .debug_str     0x000000000008c2cb      0x170 ./Drivers/STM32F1xx_HAL_Driver/Src/stm32f1xx_hal_pcd_ex.o
                                      0x85c22 (size before relaxing)
 .debug_str     0x000000000008c43b      0x229 ./Drivers/STM32F1xx_HAL_Driver/Src/stm32f1xx_hal_rcc.o
                                      0x85bdd (size before relaxing)
 .debug_str     0x000000000008c664       0x9f ./Drivers/STM32F1xx_HAL_Driver/Src/stm32f1xx_hal_rcc_ex.o
                                      0x8592d (size before relaxing)
 .debug_str     0x000000000008c703      0x526 ./Drivers/STM32F1xx_HAL_Driver/Src/stm32f1xx_hal_spi.o
                                      0x860da (size before relaxing)
 .debug_str     0x000000000008cc29      0xdc1 ./Drivers/STM32F1xx_HAL_Driver/Src/stm32f1xx_hal_tim.o
                                      0x86bcf (size before relaxing)
 .debug_str     0x000000000008d9ea      0x493 ./Drivers/STM32F1xx_HAL_Driver/Src/stm32f1xx_hal_tim_ex.o
                                      0x863eb (size before relaxing)
 .debug_str     0x000000000008de7d      0x129 ./Drivers/STM32F1xx_HAL_Driver/Src/stm32f1xx_ll_usb.o
                                      0x85c74 (size before relaxing)
 .debug_str     0x000000000008dfa6      0x28e ./Middlewares/ST/STM32_USB_Device_Library/Class/HID/Src/usbd_hid.o
                                      0x8a267 (size before relaxing)
 .debug_str     0x000000000008e234      0x298 ./Middlewares/ST/STM32_USB_Device_Library/Core/Src/usbd_core.o
                                      0x8a102 (size before relaxing)
 .debug_str     0x000000000008e4cc      0x11b ./Middlewares/ST/STM32_USB_Device_Library/Core/Src/usbd_ctlreq.o
                                      0x8a01c (size before relaxing)
 .debug_str     0x000000000008e5e7       0x79 ./Middlewares/ST/STM32_USB_Device_Library/Core/Src/usbd_ioreq.o
                                      0x89f49 (size before relaxing)
 .debug_str     0x000000000008e660       0xa2 ./USB_DEVICE/App/usb_device.o
                                      0x8a0be (size before relaxing)
 .debug_str     0x000000000008e702      0x258 ./USB_DEVICE/App/usbd_desc.o
                                      0x89e85 (size before relaxing)
 .debug_str     0x000000000008e95a       0x78 ./USB_DEVICE/Target/usbd_conf.o
                                      0x8abf1 (size before relaxing)

.debug_frame    0x0000000000000000     0x4cdc
 .debug_frame   0x0000000000000000       0x2c ./App/Src/App.o
 .debug_frame   0x000000000000002c      0x14c ./App/Src/Button.o
 .debug_frame   0x0000000000000178      0x184 ./App/Src/Led.o
 .debug_frame   0x00000000000002fc       0x34 ./Core/Src/dma.o
 .debug_frame   0x0000000000000330       0x34 ./Core/Src/gpio.o
 .debug_frame   0x0000000000000364       0x68 ./Core/Src/main.o
 .debug_frame   0x00000000000003cc       0x74 ./Core/Src/spi.o
 .debug_frame   0x0000000000000440       0x38 ./Core/Src/stm32f1xx_hal_msp.o
 .debug_frame   0x0000000000000478      0x13c ./Core/Src/stm32f1xx_it.o
 .debug_frame   0x00000000000005b4       0x58 ./Core/Src/system_stm32f1xx.o
 .debug_frame   0x000000000000060c       0x7c ./Core/Src/tim.o
 .debug_frame   0x0000000000000688      0x334 ./Drivers/STM32F1xx_HAL_Driver/Src/stm32f1xx_hal.o
 .debug_frame   0x00000000000009bc      0x428 ./Drivers/STM32F1xx_HAL_Driver/Src/stm32f1xx_hal_cortex.o
 .debug_frame   0x0000000000000de4      0x208 ./Drivers/STM32F1xx_HAL_Driver/Src/stm32f1xx_hal_dma.o
 .debug_frame   0x0000000000000fec      0x14c ./Drivers/STM32F1xx_HAL_Driver/Src/stm32f1xx_hal_gpio.o
 .debug_frame   0x0000000000001138      0x59c ./Drivers/STM32F1xx_HAL_Driver/Src/stm32f1xx_hal_pcd.o
 .debug_frame   0x00000000000016d4       0xb0 ./Drivers/STM32F1xx_HAL_Driver/Src/stm32f1xx_hal_pcd_ex.o
 .debug_frame   0x0000000000001784      0x218 ./Drivers/STM32F1xx_HAL_Driver/Src/stm32f1xx_hal_rcc.o
 .debug_frame   0x000000000000199c       0x80 ./Drivers/STM32F1xx_HAL_Driver/Src/stm32f1xx_hal_rcc_ex.o
 .debug_frame   0x0000000000001a1c      0x824 ./Drivers/STM32F1xx_HAL_Driver/Src/stm32f1xx_hal_spi.o
 .debug_frame   0x0000000000002240     0x11bc ./Drivers/STM32F1xx_HAL_Driver/Src/stm32f1xx_hal_tim.o
 .debug_frame   0x00000000000033fc      0x638 ./Drivers/STM32F1xx_HAL_Driver/Src/stm32f1xx_hal_tim_ex.o
 .debug_frame   0x0000000000003a34      0x478 ./Drivers/STM32F1xx_HAL_Driver/Src/stm32f1xx_ll_usb.o
 .debug_frame   0x0000000000003eac      0x190 ./Middlewares/ST/STM32_USB_Device_Library/Class/HID/Src/usbd_hid.o
 .debug_frame   0x000000000000403c      0x300 ./Middlewares/ST/STM32_USB_Device_Library/Core/Src/usbd_core.o
 .debug_frame   0x000000000000433c      0x218 ./Middlewares/ST/STM32_USB_Device_Library/Core/Src/usbd_ctlreq.o
 .debug_frame   0x0000000000004554      0x10c ./Middlewares/ST/STM32_USB_Device_Library/Core/Src/usbd_ioreq.o
 .debug_frame   0x0000000000004660       0x2c ./USB_DEVICE/App/usb_device.o
 .debug_frame   0x000000000000468c      0x160 ./USB_DEVICE/App/usbd_desc.o
 .debug_frame   0x00000000000047ec      0x4a4 ./USB_DEVICE/Target/usbd_conf.o
 .debug_frame   0x0000000000004c90       0x20 C:/ST/STM32CubeIDE_1.14.0/STM32CubeIDE/plugins/com.st.stm32cube.ide.mcu.externaltools.gnu-tools-for-stm32.11.3.rel1.win32_1.1.100.202309141235/tools/bin/../lib/gcc/arm-none-eabi/11.3.1/../../../../arm-none-eabi/lib/thumb/v7-m/nofp\libc_nano.a(libc_a-memset.o)
 .debug_frame   0x0000000000004cb0       0x2c C:/ST/STM32CubeIDE_1.14.0/STM32CubeIDE/plugins/com.st.stm32cube.ide.mcu.externaltools.gnu-tools-for-stm32.11.3.rel1.win32_1.1.100.202309141235/tools/bin/../lib/gcc/arm-none-eabi/11.3.1/../../../../arm-none-eabi/lib/thumb/v7-m/nofp\libc_nano.a(libc_a-init.o)

.debug_line_str
                0x0000000000000000       0x68
 .debug_line_str
                0x0000000000000000       0x68 ./Core/Startup/startup_stm32f103cbtx.o
                                         0x80 (size before relaxing)