../App/Src/Button.c:27:6:Button1Pressed	8	static
../App/Src/Button.c:35:6:Button1Released	8	static
../App/Src/Button.c:43:6:Button2Pressed	8	static
../App/Src/Button.c:51:6:Button2Released	8	static
../App/Src/Button.c:59:6:Button3Pressed	8	static
../App/Src/Button.c:67:6:Button3Released	8	static
../App/Src/Button.c:75:6:Button4Pressed	8	static
../App/Src/Button.c:83:6:Button4Released	8	static
../App/Src/Button.c:91:6:Button5Pressed	8	static
../App/Src/Button.c:99:6:Button5Released	8	static
../App/Src/Button.c:137:6:Buttons_Check	16	static
